core_cm7.h:1836:22:__NVIC_SetPriorityGrouping	24	static
core_cm7.h:1855:26:__NVIC_GetPriorityGrouping	4	static
core_cm7.h:1867:22:__NVIC_EnableIRQ	16	static
core_cm7.h:1903:22:__NVIC_DisableIRQ	16	static
core_cm7.h:1922:26:__NVIC_GetPendingIRQ	16	static
core_cm7.h:1941:22:__NVIC_SetPendingIRQ	16	static
core_cm7.h:1956:22:__NVIC_ClearPendingIRQ	16	static
core_cm7.h:1973:26:__NVIC_GetActive	16	static
core_cm7.h:1995:22:__NVIC_SetPriority	16	static
core_cm7.h:2017:26:__NVIC_GetPriority	16	static
core_cm7.h:2042:26:NVIC_EncodePriority	40	static
core_cm7.h:2069:22:NVIC_DecodePriority	40	static
core_cm7.h:2118:22:NVIC_SystemReset	4	static
core_cm7.h:2528:26:SysTick_Config	16	static
stm32h7xx_hal_cortex.c:159:6:HAL_NVIC_SetPriorityGrouping	16	static
stm32h7xx_hal_cortex.c:181:6:HAL_NVIC_SetPriority	32	static
stm32h7xx_hal_cortex.c:203:6:HAL_NVIC_EnableIRQ	16	static
stm32h7xx_hal_cortex.c:219:6:HAL_NVIC_DisableIRQ	16	static
stm32h7xx_hal_cortex.c:232:6:HAL_NVIC_SystemReset	8	static
stm32h7xx_hal_cortex.c:245:10:HAL_SYSTICK_Config	16	static
stm32h7xx_hal_cortex.c:273:6:HAL_MPU_Disable	4	static
stm32h7xx_hal_cortex.c:296:6:HAL_MPU_Enable	16	static
stm32h7xx_hal_cortex.c:314:6:HAL_MPU_ConfigRegion	16	static
stm32h7xx_hal_cortex.c:358:10:HAL_NVIC_GetPriorityGrouping	8	static
stm32h7xx_hal_cortex.c:385:6:HAL_NVIC_GetPriority	24	static
stm32h7xx_hal_cortex.c:400:6:HAL_NVIC_SetPendingIRQ	16	static
stm32h7xx_hal_cortex.c:418:10:HAL_NVIC_GetPendingIRQ	16	static
stm32h7xx_hal_cortex.c:434:6:HAL_NVIC_ClearPendingIRQ	16	static
stm32h7xx_hal_cortex.c:451:10:HAL_NVIC_GetActive	16	static
stm32h7xx_hal_cortex.c:468:6:HAL_SYSTICK_CLKSourceConfig	16	static
stm32h7xx_hal_cortex.c:486:6:HAL_SYSTICK_IRQHandler	8	static
stm32h7xx_hal_cortex.c:495:13:HAL_SYSTICK_Callback	4	static
stm32h7xx_hal_cortex.c:507:10:HAL_GetCurrentCPUID	4	static
