stm32h7xx_hal_dfsdm.c:2845:13:DFSDM_RegConvStart	0	static
stm32h7xx_hal_dfsdm.c:2886:13:DFSDM_RegConvStop	0	static
stm32h7xx_hal_dfsdm.c:2922:13:DFSDM_InjConvStart	8	static
stm32h7xx_hal_dfsdm.c:2966:13:DFSDM_InjConvStop	0	static
stm32h7xx_hal_dfsdm.c:2799:17:DFSDM_GetChannelFromInstance	0	static
stm32h7xx_hal_dfsdm.c:430:13:HAL_DFSDM_ChannelMspInit	0	static
stm32h7xx_hal_dfsdm.c:290:19:HAL_DFSDM_ChannelInit	16	static
stm32h7xx_hal_dfsdm.c:445:13:HAL_DFSDM_ChannelMspDeInit	0	static
stm32h7xx_hal_dfsdm.c:384:19:HAL_DFSDM_ChannelDeInit	16	static
stm32h7xx_hal_dfsdm.c:484:19:HAL_DFSDM_ChannelCkabStart	32	static
stm32h7xx_hal_dfsdm.c:537:19:HAL_DFSDM_ChannelPollForCkab	24	static
stm32h7xx_hal_dfsdm.c:587:19:HAL_DFSDM_ChannelCkabStop	8	static
stm32h7xx_hal_dfsdm.c:623:19:HAL_DFSDM_ChannelCkabStart_IT	32	static
stm32h7xx_hal_dfsdm.c:678:13:HAL_DFSDM_ChannelCkabCallback	0	static
stm32h7xx_hal_dfsdm.c:694:19:HAL_DFSDM_ChannelCkabStop_IT	8	static
stm32h7xx_hal_dfsdm.c:734:19:HAL_DFSDM_ChannelScdStart	8	static
stm32h7xx_hal_dfsdm.c:771:19:HAL_DFSDM_ChannelPollForScd	24	static
stm32h7xx_hal_dfsdm.c:821:19:HAL_DFSDM_ChannelScdStop	8	static
stm32h7xx_hal_dfsdm.c:858:19:HAL_DFSDM_ChannelScdStart_IT	8	static
stm32h7xx_hal_dfsdm.c:897:13:HAL_DFSDM_ChannelScdCallback	0	static
stm32h7xx_hal_dfsdm.c:913:19:HAL_DFSDM_ChannelScdStop_IT	8	static
stm32h7xx_hal_dfsdm.c:948:9:HAL_DFSDM_ChannelGetAwdValue	0	static
stm32h7xx_hal_dfsdm.c:960:19:HAL_DFSDM_ChannelModifyOffset	0	static
stm32h7xx_hal_dfsdm.c:1007:32:HAL_DFSDM_ChannelGetState	0	static
stm32h7xx_hal_dfsdm.c:1175:13:HAL_DFSDM_FilterMspInit	0	static
stm32h7xx_hal_dfsdm.c:1037:19:HAL_DFSDM_FilterInit	16	static
stm32h7xx_hal_dfsdm.c:1190:13:HAL_DFSDM_FilterMspDeInit	0	static
stm32h7xx_hal_dfsdm.c:1147:19:HAL_DFSDM_FilterDeInit	8	static
stm32h7xx_hal_dfsdm.c:1228:19:HAL_DFSDM_FilterConfigRegChannel	8	static
stm32h7xx_hal_dfsdm.c:1273:19:HAL_DFSDM_FilterConfigInjChannel	0	static
stm32h7xx_hal_dfsdm.c:1343:19:HAL_DFSDM_FilterRegularStart	8	static
stm32h7xx_hal_dfsdm.c:1433:19:HAL_DFSDM_FilterRegularStop	8	static
stm32h7xx_hal_dfsdm.c:1463:19:HAL_DFSDM_FilterRegularStart_IT	8	static
stm32h7xx_hal_dfsdm.c:1494:19:HAL_DFSDM_FilterRegularStop_IT	8	static
stm32h7xx_hal_dfsdm.c:1532:19:HAL_DFSDM_FilterRegularStart_DMA	24	static
stm32h7xx_hal_dfsdm.c:1609:19:HAL_DFSDM_FilterRegularMsbStart_DMA	24	static
stm32h7xx_hal_dfsdm.c:1680:19:HAL_DFSDM_FilterRegularStop_DMA	8	static
stm32h7xx_hal_dfsdm.c:1719:9:HAL_DFSDM_FilterGetRegularValue	0	static
stm32h7xx_hal_dfsdm.c:1747:19:HAL_DFSDM_FilterInjectedStart	8	static
stm32h7xx_hal_dfsdm.c:1847:19:HAL_DFSDM_FilterInjectedStop	8	static
stm32h7xx_hal_dfsdm.c:1877:19:HAL_DFSDM_FilterInjectedStart_IT	8	static
stm32h7xx_hal_dfsdm.c:1908:19:HAL_DFSDM_FilterInjectedStop_IT	8	static
stm32h7xx_hal_dfsdm.c:1946:19:HAL_DFSDM_FilterInjectedStart_DMA	16	static
stm32h7xx_hal_dfsdm.c:2021:19:HAL_DFSDM_FilterInjectedMsbStart_DMA	16	static
stm32h7xx_hal_dfsdm.c:2090:19:HAL_DFSDM_FilterInjectedStop_DMA	16	static
stm32h7xx_hal_dfsdm.c:2129:9:HAL_DFSDM_FilterGetInjectedValue	0	static
stm32h7xx_hal_dfsdm.c:2156:19:HAL_DFSDM_FilterAwdStart_IT	12	static
stm32h7xx_hal_dfsdm.c:2205:19:HAL_DFSDM_FilterAwdStop_IT	0	static
stm32h7xx_hal_dfsdm.c:2245:19:HAL_DFSDM_FilterExdStart	0	static
stm32h7xx_hal_dfsdm.c:2276:19:HAL_DFSDM_FilterExdStop	8	static
stm32h7xx_hal_dfsdm.c:2314:9:HAL_DFSDM_FilterGetExdMaxValue	0	static
stm32h7xx_hal_dfsdm.c:2342:9:HAL_DFSDM_FilterGetExdMinValue	0	static
stm32h7xx_hal_dfsdm.c:2369:10:HAL_DFSDM_FilterGetConvTimeValue	0	static
stm32h7xx_hal_dfsdm.c:2553:13:HAL_DFSDM_FilterRegConvCpltCallback	0	static
stm32h7xx_hal_dfsdm.c:2717:13:DFSDM_DMARegularConvCplt	8	static
stm32h7xx_hal_dfsdm.c:2568:13:HAL_DFSDM_FilterRegConvHalfCpltCallback	0	static
stm32h7xx_hal_dfsdm.c:2703:13:DFSDM_DMARegularHalfConvCplt	8	static
stm32h7xx_hal_dfsdm.c:2585:13:HAL_DFSDM_FilterInjConvCpltCallback	0	static
stm32h7xx_hal_dfsdm.c:2745:13:DFSDM_DMAInjectedConvCplt	8	static
stm32h7xx_hal_dfsdm.c:2600:13:HAL_DFSDM_FilterInjConvHalfCpltCallback	0	static
stm32h7xx_hal_dfsdm.c:2731:13:DFSDM_DMAInjectedHalfConvCplt	8	static
stm32h7xx_hal_dfsdm.c:2617:13:HAL_DFSDM_FilterAwdCallback	0	static
stm32h7xx_hal_dfsdm.c:2635:13:HAL_DFSDM_FilterErrorCallback	0	static
stm32h7xx_hal_dfsdm.c:1372:19:HAL_DFSDM_FilterPollForRegConversion	16	static
stm32h7xx_hal_dfsdm.c:2759:13:DFSDM_DMAError	8	static
stm32h7xx_hal_dfsdm.c:1776:19:HAL_DFSDM_FilterPollForInjConversion	24	static
stm32h7xx_hal_dfsdm.c:2392:6:HAL_DFSDM_IRQHandler	32	static
stm32h7xx_hal_dfsdm.c:2668:31:HAL_DFSDM_FilterGetState	0	static
stm32h7xx_hal_dfsdm.c:2679:10:HAL_DFSDM_FilterGetError	0	static
