stm32h7xx_hal.c:142:19:HAL_Init	8	static
stm32h7xx_hal.c:165:19:HAL_DeInit	8	static
stm32h7xx_hal.c:206:13:HAL_MspInit	4	static
stm32h7xx_hal.c:217:13:HAL_MspDeInit	4	static
stm32h7xx_hal.c:240:26:HAL_InitTick	16	static
stm32h7xx_hal.c:299:13:HAL_IncTick	4	static
stm32h7xx_hal.c:310:17:HAL_GetTick	4	static
stm32h7xx_hal.c:319:10:HAL_GetTickPrio	4	static
stm32h7xx_hal.c:328:19:HAL_SetTickFreq	24	static
stm32h7xx_hal.c:348:21:HAL_GetTickFreq	4	static
stm32h7xx_hal.c:364:13:HAL_Delay	24	static
stm32h7xx_hal.c:390:13:HAL_SuspendTick	4	static
stm32h7xx_hal.c:406:13:HAL_ResumeTick	4	static
stm32h7xx_hal.c:416:10:HAL_GetHalVersion	4	static
stm32h7xx_hal.c:425:10:HAL_GetREVID	4	static
stm32h7xx_hal.c:434:10:HAL_GetDEVID	4	static
stm32h7xx_hal.c:453:6:HAL_SYSCFG_VREFBUF_VoltageScalingConfig	16	static
stm32h7xx_hal.c:469:6:HAL_SYSCFG_VREFBUF_HighImpedanceConfig	16	static
stm32h7xx_hal.c:481:6:HAL_SYSCFG_VREFBUF_TrimmingConfig	16	static
stm32h7xx_hal.c:493:19:HAL_SYSCFG_EnableVREFBUF	16	static
stm32h7xx_hal.c:519:6:HAL_SYSCFG_DisableVREFBUF	4	static
stm32h7xx_hal.c:532:6:HAL_SYSCFG_ETHInterfaceSelect	16	static
stm32h7xx_hal.c:562:6:HAL_SYSCFG_AnalogSwitchConfig	16	static
stm32h7xx_hal.c:580:6:HAL_SYSCFG_EnableBOOST	4	static
stm32h7xx_hal.c:592:6:HAL_SYSCFG_DisableBOOST	4	static
stm32h7xx_hal.c:607:6:HAL_SYSCFG_CM7BootAddConfig	24	static
stm32h7xx_hal.c:632:6:HAL_EnableCompensationCell	4	static
stm32h7xx_hal.c:643:6:HAL_DisableCompensationCell	4	static
stm32h7xx_hal.c:656:6:HAL_SYSCFG_EnableIOSpeedOptimize	4	static
stm32h7xx_hal.c:668:6:HAL_SYSCFG_DisableIOSpeedOptimize	4	static
stm32h7xx_hal.c:681:6:HAL_SYSCFG_CompensationCodeSelect	16	static
stm32h7xx_hal.c:698:6:HAL_SYSCFG_CompensationCodeConfig	16	static
stm32h7xx_hal.c:711:6:HAL_DBGMCU_EnableDBGSleepMode	4	static
stm32h7xx_hal.c:720:6:HAL_DBGMCU_DisableDBGSleepMode	4	static
stm32h7xx_hal.c:729:6:HAL_DBGMCU_EnableDBGStopMode	4	static
stm32h7xx_hal.c:738:6:HAL_DBGMCU_DisableDBGStopMode	4	static
stm32h7xx_hal.c:747:6:HAL_DBGMCU_EnableDBGStandbyMode	4	static
stm32h7xx_hal.c:756:6:HAL_DBGMCU_DisableDBGStandbyMode	4	static
stm32h7xx_hal.c:767:6:HAL_EnableDomain3DBGStopMode	4	static
stm32h7xx_hal.c:776:6:HAL_DisableDomain3DBGStopMode	4	static
stm32h7xx_hal.c:785:6:HAL_EnableDomain3DBGStandbyMode	4	static
stm32h7xx_hal.c:794:6:HAL_DisableDomain3DBGStandbyMode	4	static
stm32h7xx_hal.c:805:6:HAL_SetFMCMemorySwappingConfig	16	static
stm32h7xx_hal.c:817:10:HAL_GetFMCMemorySwappingConfig	4	static
stm32h7xx_hal.c:834:6:HAL_EXTI_EdgeConfig	16	static
stm32h7xx_hal.c:860:6:HAL_EXTI_GenerateSWInterrupt	16	static
stm32h7xx_hal.c:875:6:HAL_EXTI_D1_ClearFlag	16	static
stm32h7xx_hal.c:895:6:HAL_EXTI_D1_EventInputConfig	24	static
stm32h7xx_hal.c:943:6:HAL_EXTI_D3_EventInputConfig	24	static
