wizchip_conf.c:70:9:wizchip_cris_enter	4	static
wizchip_conf.c:78:9:wizchip_cris_exit	4	static
wizchip_conf.c:86:7:wizchip_cs_select	8	static
wizchip_conf.c:96:7:wizchip_cs_deselect	8	static
wizchip_conf.c:107:10:wizchip_bus_readdata	32	static
wizchip_conf.c:130:7:wizchip_bus_writedata	16	static
wizchip_conf.c:142:9:wizchip_spi_readbyte	16	static
wizchip_conf.c:155:7:wizchip_spi_writebyte	16	static
wizchip_conf.c:166:7:wizchip_spi_readburst	16	static
wizchip_conf.c:174:7:wizchip_spi_writeburst	16	static
wizchip_conf.c:228:6:reg_wizchip_cris_cbfunc	16	static
wizchip_conf.c:242:6:reg_wizchip_cs_cbfunc	16	static
wizchip_conf.c:258:6:reg_wizchip_bus_cbfunc	16	static
wizchip_conf.c:286:6:reg_wizchip_spi_cbfunc	16	static
wizchip_conf.c:303:6:reg_wizchip_spiburst_cbfunc	16	static
wizchip_conf.c:319:8:ctlwizchip	40	static
wizchip_conf.c:401:8:ctlnetwork	16	static
wizchip_conf.c:429:6:wizchip_sw_reset	32	static
wizchip_conf.c:454:8:wizchip_init	24	static
wizchip_conf.c:536:6:wizchip_clrinterrupt	24	static
wizchip_conf.c:563:11:wizchip_getinterrupt	16	static
wizchip_conf.c:594:6:wizchip_setinterruptmask	24	static
wizchip_conf.c:618:11:wizchip_getinterruptmask	16	static
wizchip_conf.c:647:8:wizphy_getphylink	16	static
wizchip_conf.c:668:8:wizphy_getphypmode	16	static
wizchip_conf.c:883:6:wizchip_setnetinfo	16	static
wizchip_conf.c:896:6:wizchip_getnetinfo	16	static
wizchip_conf.c:909:8:wizchip_setnetmode	24	static
wizchip_conf.c:923:14:wizchip_getnetmode	8	static
wizchip_conf.c:928:6:wizchip_settimeout	16	static
wizchip_conf.c:934:6:wizchip_gettimeout	24	static
