main.c:119:6:FDCAN_Config	56	static
main.c:145:6:can_tx_func	64	static
main.c:165:9:wiznet820_read_data	32	static
main.c:192:5:rand_val	16	static
main.c:202:5:main	320	static
main.c:373:6:SystemClock_Config	336	static
main.c:475:13:MX_FDCAN2_Init	8	static
main.c:538:13:MX_SPI3_Init	8	static
main.c:586:13:MX_TIM7_Init	24	static
main.c:624:13:MX_USART6_UART_Init	8	static
main.c:662:13:MX_DMA_Init	16	static
main.c:679:13:MX_GPIO_Init	56	static
main.c:775:6:uart_send_byte	16	static
main.c:781:6:wiznet820_send_data	32	static
main.c:796:6:fobos_eth_protocol_send	24	static
main.c:805:6:eth_cmds_analysis	16	static
main.c:847:6:Error_Handler	4	static
