main.c:119:6:FDCAN_Config	56	static
main.c:145:6:can_tx_func	64	static
main.c:165:9:wiznet820_read_data	32	static
main.c:192:5:rand_val	16	static
main.c:202:5:main	320	static
main.c:368:6:SystemClock_Config	336	static
main.c:470:13:MX_FDCAN2_Init	8	static
main.c:533:13:MX_SPI3_Init	8	static
main.c:581:13:MX_TIM7_Init	24	static
main.c:619:13:MX_USART6_UART_Init	8	static
main.c:657:13:MX_DMA_Init	16	static
main.c:674:13:MX_GPIO_Init	56	static
main.c:770:6:uart_send_byte	16	static
main.c:776:6:wiznet820_send_data	32	static
main.c:791:6:fobos_eth_protocol_send	24	static
main.c:800:6:eth_cmds_analysis	16	static
main.c:842:6:Error_Handler	4	static
