stm32h7xx_it.c:89:6:NMI_Handler	4	static
stm32h7xx_it.c:102:6:HardFault_Handler	4	static
stm32h7xx_it.c:117:6:MemManage_Handler	4	static
stm32h7xx_it.c:132:6:BusFault_Handler	4	static
stm32h7xx_it.c:147:6:UsageFault_Handler	4	static
stm32h7xx_it.c:162:6:SVC_Handler	4	static
stm32h7xx_it.c:175:6:DebugMon_Handler	4	static
stm32h7xx_it.c:188:6:PendSV_Handler	4	static
stm32h7xx_it.c:201:6:SysTick_Handler	8	static
stm32h7xx_it.c:222:6:DMA1_Stream0_IRQHandler	8	static
stm32h7xx_it.c:236:6:SPI3_IRQHandler	8	static
stm32h7xx_it.c:250:6:TIM7_IRQHandler	8	static
stm32h7xx_it.c:264:6:OTG_FS_IRQHandler	8	static
