18:45:15 **** Incremental Build of configuration Debug for project Fobos_master_brd ****
Info: Internal Builder is used for build
arm-atollic-eabi-gcc -c -mthumb -mcpu=cortex-m7 -mfloat-abi=hard -mfpu=fpv5-d16 -std=gnu11 -D__weak=__attribute__((weak)) -D__packed=__attribute__((__packed__)) -DUSE_HAL_DRIVER -DSTM32H743xx -I../Inc -I../Drivers/STM32H7xx_HAL_Driver/Inc -I../Drivers/STM32H7xx_HAL_Driver/Inc/Legacy -I../Middlewares/Third_Party/FreeRTOS/Source/include -I../Middlewares/Third_Party/FreeRTOS/Source/CMSIS_RTOS -I../Middlewares/Third_Party/FreeRTOS/Source/portable/GCC/ARM_CM7/r0p1 -I../Drivers/CMSIS/Device/ST/STM32H7xx/Include -I../Drivers/CMSIS/Include -O0 -ffunction-sections -fdata-sections -g -fstack-usage -Wall -specs=nano.specs -o Src\fobos_eth.o ..\Src\fobos_eth.c 
In file included from ..\Src\fobos_eth.c:8:0:
..\Src\Universal_controller_PC_protocol.h:209:7: warning: "/*" within comment [-Wcomment]
  *    /****DATA2 = 2 - С-рама находится в положении AP view, 1 - С-рама находится в положении Lateral view,
        
..\Src\fobos_eth.c: In function 'EthernetTask_func':
..\Src\fobos_eth.c:100:5: warning: implicit declaration of function 'Error_Handler' [-Wimplicit-function-declaration]
     Error_Handler();
     ^~~~~~~~~~~~~
..\Src\fobos_eth.c:109:2: warning: implicit declaration of function 'memcpy' [-Wimplicit-function-declaration]
  memcpy(wiz_NetData.sn, subnet_mask_adr, 4);
  ^~~~~~
..\Src\fobos_eth.c:109:2: warning: incompatible implicit declaration of built-in function 'memcpy'
..\Src\fobos_eth.c:109:2: note: include '<string.h>' or provide a declaration of 'memcpy'
..\Src\fobos_eth.c:142:14: warning: unused variable 'can_data_tx' [-Wunused-variable]
      uint8_t can_data_tx[4] = {6,0,0,0};
              ^~~~~~~~~~~
..\Src\fobos_eth.c:141:16: warning: unused variable 'canopen_rcv' [-Wunused-variable]
      canopen_u canopen_rcv;
                ^~~~~~~~~~~
..\Src\fobos_eth.c:132:12: warning: unused variable 'can_data_rx1' [-Wunused-variable]
    uint8_t can_data_rx1[8] = {0};
            ^~~~~~~~~~~~
..\Src\fobos_eth.c:187:18: warning: passing argument 2 of 'recv' discards 'volatile' qualifier from pointer target type [-Wdiscarded-qualifiers]
     recv(SOCKET0,fobos_eth_buf.data_to_transmit, 258);
                  ^~~~~~~~~~~~~
In file included from ..\Src\fobos_eth.c:9:0:
..\Src\ethernet/socket.h:272:9: note: expected 'uint8_t * {aka unsigned char *}' but argument is of type 'volatile uint8_t * {aka volatile unsigned char *}'
 int32_t recv(uint8_t sn, uint8_t * buf, uint16_t len);
         ^~~~
..\Src\fobos_eth.c: At top level:
..\Src\fobos_eth.c:235:22: warning: initialization makes integer from pointer without a cast [-Wint-conversion]
 BaseType_t xHoming = NULL, xPosition_func = NULL;
                      ^~~~
..\Src\fobos_eth.c:235:45: warning: initialization makes integer from pointer without a cast [-Wint-conversion]
 BaseType_t xHoming = NULL, xPosition_func = NULL;
                                             ^~~~
..\Src\fobos_eth.c: In function 'eth_cmds_analysis':
..\Src\fobos_eth.c:251:4: warning: passing argument 2 of 'send' discards 'volatile' qualifier from pointer target type [-Wdiscarded-qualifiers]
    fobos_eth_buf->data_to_transmit,
    ^~~~~~~~~~~~~
In file included from ..\Src\fobos_eth.c:9:0:
..\Src\ethernet/socket.h:250:9: note: expected 'uint8_t * {aka unsigned char *}' but argument is of type 'volatile uint8_t * {aka volatile unsigned char *}'
 int32_t send(uint8_t sn, uint8_t * buf, uint16_t len);
         ^~~~
..\Src\fobos_eth.c:261:6: warning: incompatible implicit declaration of built-in function 'memcpy'
      memcpy(fobos_eth_buf->fobos_protocol_buf_t.data+1, mac_adr, 6);
      ^~~~~~
..\Src\fobos_eth.c:261:6: note: include '<string.h>' or provide a declaration of 'memcpy'
..\Src\fobos_eth.c:261:13: warning: passing argument 1 of 'memcpy' discards 'volatile' qualifier from pointer target type [-Wdiscarded-qualifiers]
      memcpy(fobos_eth_buf->fobos_protocol_buf_t.data+1, mac_adr, 6);
             ^~~~~~~~~~~~~
..\Src\fobos_eth.c:261:13: note: expected 'void *' but argument is of type 'volatile uint8_t * {aka volatile unsigned char *}'
..\Src\fobos_eth.c:263:104: warning: passing argument 3 of 'fobos_eth_protocol_send' discards 'volatile' qualifier from pointer target type [-Wdiscarded-qualifiers]
      fobos_eth_protocol_send(FOBOS_ETH_GET_MAC, fobos_eth_buf->fobos_protocol_buf_t.bytes_in_packet_N, fobos_eth_buf);
                                                                                                        ^~~~~~~~~~~~~
..\Src\fobos_eth.c:229:6: note: expected 'fobos_protocol_buf_u * {aka union <anonymous> *}' but argument is of type 'volatile fobos_protocol_buf_u * {aka volatile union <anonymous> *}'
 void fobos_eth_protocol_send(uint8_t CMD, uint8_t bytes_in_packet_N, fobos_protocol_buf_u *fobos_eth_buf){
      ^~~~~~~~~~~~~~~~~~~~~~~
..\Src\fobos_eth.c:268:49: warning: passing argument 3 of 'fobos_eth_protocol_send' discards 'volatile' qualifier from pointer target type [-Wdiscarded-qualifiers]
   fobos_eth_protocol_send(FOBOS_ETH_GET_MAC, 2, fobos_eth_buf);
                                                 ^~~~~~~~~~~~~
..\Src\fobos_eth.c:229:6: note: expected 'fobos_protocol_buf_u * {aka union <anonymous> *}' but argument is of type 'volatile fobos_protocol_buf_u * {aka volatile union <anonymous> *}'
 void fobos_eth_protocol_send(uint8_t CMD, uint8_t bytes_in_packet_N, fobos_protocol_buf_u *fobos_eth_buf){
      ^~~~~~~~~~~~~~~~~~~~~~~
..\Src\fobos_eth.c:273:45: warning: passing argument 3 of 'fobos_eth_protocol_send' discards 'volatile' qualifier from pointer target type [-Wdiscarded-qualifiers]
   fobos_eth_protocol_send(FOBOS_ETH_RST, 1, fobos_eth_buf);
                                             ^~~~~~~~~~~~~
..\Src\fobos_eth.c:229:6: note: expected 'fobos_protocol_buf_u * {aka union <anonymous> *}' but argument is of type 'volatile fobos_protocol_buf_u * {aka volatile union <anonymous> *}'
 void fobos_eth_protocol_send(uint8_t CMD, uint8_t bytes_in_packet_N, fobos_protocol_buf_u *fobos_eth_buf){
      ^~~~~~~~~~~~~~~~~~~~~~~
..\Src\fobos_eth.c:302:52: warning: passing argument 3 of 'fobos_eth_protocol_send' discards 'volatile' qualifier from pointer target type [-Wdiscarded-qualifiers]
    fobos_eth_protocol_send(FOBOS_SENSORS_STATE, 3, fobos_eth_buf);
                                                    ^~~~~~~~~~~~~
..\Src\fobos_eth.c:229:6: note: expected 'fobos_protocol_buf_u * {aka union <anonymous> *}' but argument is of type 'volatile fobos_protocol_buf_u * {aka volatile union <anonymous> *}'
 void fobos_eth_protocol_send(uint8_t CMD, uint8_t bytes_in_packet_N, fobos_protocol_buf_u *fobos_eth_buf){
      ^~~~~~~~~~~~~~~~~~~~~~~
..\Src\fobos_eth.c:287:12: warning: unused variable 'can_rx_data' [-Wunused-variable]
    uint8_t can_rx_data[8] = {0};
            ^~~~~~~~~~~
..\Src\fobos_eth.c:286:31: warning: unused variable 'temp_lim_switches' [-Wunused-variable]
    uint8_t sensors_state = 0, temp_lim_switches = 0;
                               ^~~~~~~~~~~~~~~~~
..\Src\fobos_eth.c:281:35: warning: variable 'RxHeader' set but not used [-Wunused-but-set-variable]
    volatile FDCAN_RxHeaderTypeDef RxHeader;
                                   ^~~~~~~~
..\Src\fobos_eth.c:307:57: warning: passing argument 3 of 'fobos_eth_protocol_send' discards 'volatile' qualifier from pointer target type [-Wdiscarded-qualifiers]
         fobos_eth_protocol_send(FOBOS_SENSORS_STATE, 1, fobos_eth_buf);
                                                         ^~~~~~~~~~~~~
..\Src\fobos_eth.c:229:6: note: expected 'fobos_protocol_buf_u * {aka union <anonymous> *}' but argument is of type 'volatile fobos_protocol_buf_u * {aka volatile union <anonymous> *}'
 void fobos_eth_protocol_send(uint8_t CMD, uint8_t bytes_in_packet_N, fobos_protocol_buf_u *fobos_eth_buf){
      ^~~~~~~~~~~~~~~~~~~~~~~
..\Src\fobos_eth.c:330:56: warning: passing argument 3 of 'fobos_eth_protocol_send' discards 'volatile' qualifier from pointer target type [-Wdiscarded-qualifiers]
      fobos_eth_protocol_send(FOBOS_GENERATOR_STATE, 2, fobos_eth_buf);
                                                        ^~~~~~~~~~~~~
..\Src\fobos_eth.c:229:6: note: expected 'fobos_protocol_buf_u * {aka union <anonymous> *}' but argument is of type 'volatile fobos_protocol_buf_u * {aka volatile union <anonymous> *}'
 void fobos_eth_protocol_send(uint8_t CMD, uint8_t bytes_in_packet_N, fobos_protocol_buf_u *fobos_eth_buf){
      ^~~~~~~~~~~~~~~~~~~~~~~
..\Src\fobos_eth.c:335:53: warning: passing argument 3 of 'fobos_eth_protocol_send' discards 'volatile' qualifier from pointer target type [-Wdiscarded-qualifiers]
   fobos_eth_protocol_send(FOBOS_GENERATOR_STATE, 2, fobos_eth_buf);
                                                     ^~~~~~~~~~~~~
..\Src\fobos_eth.c:229:6: note: expected 'fobos_protocol_buf_u * {aka union <anonymous> *}' but argument is of type 'volatile fobos_protocol_buf_u * {aka volatile union <anonymous> *}'
 void fobos_eth_protocol_send(uint8_t CMD, uint8_t bytes_in_packet_N, fobos_protocol_buf_u *fobos_eth_buf){
      ^~~~~~~~~~~~~~~~~~~~~~~
..\Src\fobos_eth.c:365:9: warning: passing argument 3 of 'fobos_eth_protocol_send' discards 'volatile' qualifier from pointer target type [-Wdiscarded-qualifiers]
         fobos_eth_buf);
         ^~~~~~~~~~~~~
..\Src\fobos_eth.c:229:6: note: expected 'fobos_protocol_buf_u * {aka union <anonymous> *}' but argument is of type 'volatile fobos_protocol_buf_u * {aka volatile union <anonymous> *}'
 void fobos_eth_protocol_send(uint8_t CMD, uint8_t bytes_in_packet_N, fobos_protocol_buf_u *fobos_eth_buf){
      ^~~~~~~~~~~~~~~~~~~~~~~
..\Src\fobos_eth.c:342:36: warning: unused variable 'temp_lim_switches' [-Wunused-variable]
      uint8_t can_data_tx[8] = {0}, temp_lim_switches = 0;
                                    ^~~~~~~~~~~~~~~~~
..\Src\fobos_eth.c:370:58: warning: passing argument 3 of 'fobos_eth_protocol_send' discards 'volatile' qualifier from pointer target type [-Wdiscarded-qualifiers]
   fobos_eth_protocol_send(FOBOS_SERVOMOTOR_PLACEMENT, 2, fobos_eth_buf);
                                                          ^~~~~~~~~~~~~
..\Src\fobos_eth.c:229:6: note: expected 'fobos_protocol_buf_u * {aka union <anonymous> *}' but argument is of type 'volatile fobos_protocol_buf_u * {aka volatile union <anonymous> *}'
 void fobos_eth_protocol_send(uint8_t CMD, uint8_t bytes_in_packet_N, fobos_protocol_buf_u *fobos_eth_buf){
      ^~~~~~~~~~~~~~~~~~~~~~~
..\Src\fobos_eth.c:378:52: warning: passing argument 3 of 'fobos_eth_protocol_send' discards 'volatile' qualifier from pointer target type [-Wdiscarded-qualifiers]
        fobos_eth_protocol_send(FOBOS_STATEMENT, 2, fobos_eth_buf);
                                                    ^~~~~~~~~~~~~
..\Src\fobos_eth.c:229:6: note: expected 'fobos_protocol_buf_u * {aka union <anonymous> *}' but argument is of type 'volatile fobos_protocol_buf_u * {aka volatile union <anonymous> *}'
 void fobos_eth_protocol_send(uint8_t CMD, uint8_t bytes_in_packet_N, fobos_protocol_buf_u *fobos_eth_buf){
      ^~~~~~~~~~~~~~~~~~~~~~~
..\Src\fobos_eth.c:383:47: warning: passing argument 3 of 'fobos_eth_protocol_send' discards 'volatile' qualifier from pointer target type [-Wdiscarded-qualifiers]
   fobos_eth_protocol_send(FOBOS_STATEMENT, 2, fobos_eth_buf);
                                               ^~~~~~~~~~~~~
..\Src\fobos_eth.c:229:6: note: expected 'fobos_protocol_buf_u * {aka union <anonymous> *}' but argument is of type 'volatile fobos_protocol_buf_u * {aka volatile union <anonymous> *}'
 void fobos_eth_protocol_send(uint8_t CMD, uint8_t bytes_in_packet_N, fobos_protocol_buf_u *fobos_eth_buf){
      ^~~~~~~~~~~~~~~~~~~~~~~
..\Src\fobos_eth.c:398:19: warning: comparison between pointer and integer
        if(xHoming == NULL)
                   ^~
..\Src\fobos_eth.c:401:53: warning: passing argument 3 of 'fobos_eth_protocol_send' discards 'volatile' qualifier from pointer target type [-Wdiscarded-qualifiers]
        fobos_eth_protocol_send(FOBOS_CMD_BASING, 1, fobos_eth_buf);
                                                     ^~~~~~~~~~~~~
..\Src\fobos_eth.c:229:6: note: expected 'fobos_protocol_buf_u * {aka union <anonymous> *}' but argument is of type 'volatile fobos_protocol_buf_u * {aka volatile union <anonymous> *}'
 void fobos_eth_protocol_send(uint8_t CMD, uint8_t bytes_in_packet_N, fobos_protocol_buf_u *fobos_eth_buf){
      ^~~~~~~~~~~~~~~~~~~~~~~
..\Src\fobos_eth.c:404:23: warning: comparison between pointer and integer
     if(xPosition_func == NULL)
                       ^~
..\Src\fobos_eth.c:407:50: warning: passing argument 3 of 'fobos_eth_protocol_send' discards 'volatile' qualifier from pointer target type [-Wdiscarded-qualifiers]
     fobos_eth_protocol_send(FOBOS_CMD_BASING, 1, fobos_eth_buf);
                                                  ^~~~~~~~~~~~~
..\Src\fobos_eth.c:229:6: note: expected 'fobos_protocol_buf_u * {aka union <anonymous> *}' but argument is of type 'volatile fobos_protocol_buf_u * {aka volatile union <anonymous> *}'
 void fobos_eth_protocol_send(uint8_t CMD, uint8_t bytes_in_packet_N, fobos_protocol_buf_u *fobos_eth_buf){
      ^~~~~~~~~~~~~~~~~~~~~~~
..\Src\fobos_eth.c:412:53: warning: passing argument 3 of 'fobos_eth_protocol_send' discards 'volatile' qualifier from pointer target type [-Wdiscarded-qualifiers]
        fobos_eth_protocol_send(FOBOS_CMD_BASING, 1, fobos_eth_buf);
                                                     ^~~~~~~~~~~~~
..\Src\fobos_eth.c:229:6: note: expected 'fobos_protocol_buf_u * {aka union <anonymous> *}' but argument is of type 'volatile fobos_protocol_buf_u * {aka volatile union <anonymous> *}'
 void fobos_eth_protocol_send(uint8_t CMD, uint8_t bytes_in_packet_N, fobos_protocol_buf_u *fobos_eth_buf){
      ^~~~~~~~~~~~~~~~~~~~~~~
..\Src\fobos_eth.c:431:98: warning: passing argument 3 of 'fobos_eth_protocol_send' discards 'volatile' qualifier from pointer target type [-Wdiscarded-qualifiers]
   fobos_eth_protocol_send(FOBOS_CMD_WORK, fobos_eth_buf->fobos_protocol_buf_t.bytes_in_packet_N, fobos_eth_buf);
                                                                                                  ^~~~~~~~~~~~~
..\Src\fobos_eth.c:229:6: note: expected 'fobos_protocol_buf_u * {aka union <anonymous> *}' but argument is of type 'volatile fobos_protocol_buf_u * {aka volatile union <anonymous> *}'
 void fobos_eth_protocol_send(uint8_t CMD, uint8_t bytes_in_packet_N, fobos_protocol_buf_u *fobos_eth_buf){
      ^~~~~~~~~~~~~~~~~~~~~~~
..\Src\fobos_eth.c:438:103: warning: passing argument 3 of 'fobos_eth_protocol_send' discards 'volatile' qualifier from pointer target type [-Wdiscarded-qualifiers]
        fobos_eth_protocol_send(FOBOS_CMD_WORK, fobos_eth_buf->fobos_protocol_buf_t.bytes_in_packet_N, fobos_eth_buf);
                                                                                                       ^~~~~~~~~~~~~
..\Src\fobos_eth.c:229:6: note: expected 'fobos_protocol_buf_u * {aka union <anonymous> *}' but argument is of type 'volatile fobos_protocol_buf_u * {aka volatile union <anonymous> *}'
 void fobos_eth_protocol_send(uint8_t CMD, uint8_t bytes_in_packet_N, fobos_protocol_buf_u *fobos_eth_buf){
      ^~~~~~~~~~~~~~~~~~~~~~~
..\Src\fobos_eth.c:443:52: warning: passing argument 3 of 'fobos_eth_protocol_send' discards 'volatile' qualifier from pointer target type [-Wdiscarded-qualifiers]
         fobos_eth_protocol_send(FOBOS_CMD_WORK, 1, fobos_eth_buf);
                                                    ^~~~~~~~~~~~~
..\Src\fobos_eth.c:229:6: note: expected 'fobos_protocol_buf_u * {aka union <anonymous> *}' but argument is of type 'volatile fobos_protocol_buf_u * {aka volatile union <anonymous> *}'
 void fobos_eth_protocol_send(uint8_t CMD, uint8_t bytes_in_packet_N, fobos_protocol_buf_u *fobos_eth_buf){
      ^~~~~~~~~~~~~~~~~~~~~~~
..\Src\fobos_eth.c:422:29: warning: unused variable 'RxHeader' [-Wunused-variable]
       FDCAN_RxHeaderTypeDef RxHeader;
                             ^~~~~~~~
..\Src\fobos_eth.c:421:15: warning: unused variable 'temp_lim_switches' [-Wunused-variable]
       uint8_t temp_lim_switches = 0;
               ^~~~~~~~~~~~~~~~~
..\Src\fobos_eth.c:448:49: warning: passing argument 3 of 'fobos_eth_protocol_send' discards 'volatile' qualifier from pointer target type [-Wdiscarded-qualifiers]
      fobos_eth_protocol_send(FOBOS_CMD_WORK, 1, fobos_eth_buf);
                                                 ^~~~~~~~~~~~~
..\Src\fobos_eth.c:229:6: note: expected 'fobos_protocol_buf_u * {aka union <anonymous> *}' but argument is of type 'volatile fobos_protocol_buf_u * {aka volatile union <anonymous> *}'
 void fobos_eth_protocol_send(uint8_t CMD, uint8_t bytes_in_packet_N, fobos_protocol_buf_u *fobos_eth_buf){
      ^~~~~~~~~~~~~~~~~~~~~~~
..\Src\fobos_eth.c:468:48: warning: passing argument 3 of 'fobos_eth_protocol_send' discards 'volatile' qualifier from pointer target type [-Wdiscarded-qualifiers]
     fobos_eth_protocol_send(FOBOS_CMD_LAMP, 1, fobos_eth_buf);
                                                ^~~~~~~~~~~~~
..\Src\fobos_eth.c:229:6: note: expected 'fobos_protocol_buf_u * {aka union <anonymous> *}' but argument is of type 'volatile fobos_protocol_buf_u * {aka volatile union <anonymous> *}'
 void fobos_eth_protocol_send(uint8_t CMD, uint8_t bytes_in_packet_N, fobos_protocol_buf_u *fobos_eth_buf){
      ^~~~~~~~~~~~~~~~~~~~~~~
..\Src\fobos_eth.c:517:59: warning: passing argument 3 of 'fobos_eth_protocol_send' discards 'volatile' qualifier from pointer target type [-Wdiscarded-qualifiers]
    fobos_eth_protocol_send(FOBOS_CMD_BASING_STATEMENT, 2, fobos_eth_buf);
                                                           ^~~~~~~~~~~~~
..\Src\fobos_eth.c:229:6: note: expected 'fobos_protocol_buf_u * {aka union <anonymous> *}' but argument is of type 'volatile fobos_protocol_buf_u * {aka volatile union <anonymous> *}'
 void fobos_eth_protocol_send(uint8_t CMD, uint8_t bytes_in_packet_N, fobos_protocol_buf_u *fobos_eth_buf){
      ^~~~~~~~~~~~~~~~~~~~~~~
..\Src\fobos_eth.c:528:25: warning: comparison between pointer and integer
       if(xPosition_func == NULL)
                         ^~
..\Src\fobos_eth.c:535:25: warning: comparison between pointer and integer
       if(xPosition_func == NULL)
                         ^~
..\Src\fobos_eth.c:541:25: warning: comparison between pointer and integer
       if(xPosition_func == NULL)
                         ^~
..\Src\fobos_eth.c:553:102: warning: passing argument 3 of 'fobos_eth_protocol_send' discards 'volatile' qualifier from pointer target type [-Wdiscarded-qualifiers]
      fobos_eth_protocol_send(FOBOS_CMD_START, fobos_eth_buf->fobos_protocol_buf_t.bytes_in_packet_N, fobos_eth_buf);
                                                                                                      ^~~~~~~~~~~~~
..\Src\fobos_eth.c:229:6: note: expected 'fobos_protocol_buf_u * {aka union <anonymous> *}' but argument is of type 'volatile fobos_protocol_buf_u * {aka volatile union <anonymous> *}'
 void fobos_eth_protocol_send(uint8_t CMD, uint8_t bytes_in_packet_N, fobos_protocol_buf_u *fobos_eth_buf){
      ^~~~~~~~~~~~~~~~~~~~~~~
..\Src\fobos_eth.c:582:11: warning: "/*" within comment [-Wcomment]
           /*can_tx_func(&hfdcan2,0x620+2,0,can_data_rcv);
            
..\Src\fobos_eth.c:594:107: warning: passing argument 3 of 'fobos_eth_protocol_send' discards 'volatile' qualifier from pointer target type [-Wdiscarded-qualifiers]
    fobos_eth_protocol_send(FOBOS_CMD_START_STATUS, fobos_eth_buf->fobos_protocol_buf_t.bytes_in_packet_N, fobos_eth_buf);
                                                                                                           ^~~~~~~~~~~~~
..\Src\fobos_eth.c:229:6: note: expected 'fobos_protocol_buf_u * {aka union <anonymous> *}' but argument is of type 'volatile fobos_protocol_buf_u * {aka volatile union <anonymous> *}'
 void fobos_eth_protocol_send(uint8_t CMD, uint8_t bytes_in_packet_N, fobos_protocol_buf_u *fobos_eth_buf){
      ^~~~~~~~~~~~~~~~~~~~~~~
..\Src\fobos_eth.c:603:49: warning: passing argument 3 of 'fobos_eth_protocol_send' discards 'volatile' qualifier from pointer target type [-Wdiscarded-qualifiers]
      fobos_eth_protocol_send(FOBOS_CMD_STOP, 1, fobos_eth_buf);
                                                 ^~~~~~~~~~~~~
..\Src\fobos_eth.c:229:6: note: expected 'fobos_protocol_buf_u * {aka union <anonymous> *}' but argument is of type 'volatile fobos_protocol_buf_u * {aka volatile union <anonymous> *}'
 void fobos_eth_protocol_send(uint8_t CMD, uint8_t bytes_in_packet_N, fobos_protocol_buf_u *fobos_eth_buf){
      ^~~~~~~~~~~~~~~~~~~~~~~
..\Src\fobos_eth.c:611:16: warning: implicit declaration of function 'strlen' [-Wimplicit-function-declaration]
   int length = strlen(string_data)+1;
                ^~~~~~
..\Src\fobos_eth.c:611:16: warning: incompatible implicit declaration of built-in function 'strlen'
..\Src\fobos_eth.c:611:16: note: include '<string.h>' or provide a declaration of 'strlen'
..\Src\fobos_eth.c:614:3: warning: incompatible implicit declaration of built-in function 'memcpy'
   memcpy(fobos_eth_buf->fobos_protocol_buf_t.data+1, string_data, length);
   ^~~~~~
..\Src\fobos_eth.c:614:3: note: include '<string.h>' or provide a declaration of 'memcpy'
..\Src\fobos_eth.c:614:10: warning: passing argument 1 of 'memcpy' discards 'volatile' qualifier from pointer target type [-Wdiscarded-qualifiers]
   memcpy(fobos_eth_buf->fobos_protocol_buf_t.data+1, string_data, length);
          ^~~~~~~~~~~~~
..\Src\fobos_eth.c:614:10: note: expected 'void *' but argument is of type 'volatile uint8_t * {aka volatile unsigned char *}'
..\Src\fobos_eth.c:616:16: warning: passing argument 2 of 'send' discards 'volatile' qualifier from pointer target type [-Wdiscarded-qualifiers]
   send(SOCKET0,fobos_eth_buf->data_to_transmit,length+2);
                ^~~~~~~~~~~~~
In file included from ..\Src\fobos_eth.c:9:0:
..\Src\ethernet/socket.h:250:9: note: expected 'uint8_t * {aka unsigned char *}' but argument is of type 'volatile uint8_t * {aka volatile unsigned char *}'
 int32_t send(uint8_t sn, uint8_t * buf, uint16_t len);
         ^~~~
..\Src\fobos_eth.c:620:55: warning: passing argument 3 of 'fobos_eth_protocol_send' discards 'volatile' qualifier from pointer target type [-Wdiscarded-qualifiers]
        fobos_eth_protocol_send(FOBOS_EMB_SOFT_VER, 1, fobos_eth_buf);
                                                       ^~~~~~~~~~~~~
..\Src\fobos_eth.c:229:6: note: expected 'fobos_protocol_buf_u * {aka union <anonymous> *}' but argument is of type 'volatile fobos_protocol_buf_u * {aka volatile union <anonymous> *}'
 void fobos_eth_protocol_send(uint8_t CMD, uint8_t bytes_in_packet_N, fobos_protocol_buf_u *fobos_eth_buf){
      ^~~~~~~~~~~~~~~~~~~~~~~
..\Src\fobos_eth.c:629:19: warning: passing argument 1 of 'confirmation' discards 'volatile' qualifier from pointer target type [-Wdiscarded-qualifiers]
   if(confirmation(fobos_eth_buf, ip_source_adr))
                   ^~~~~~~~~~~~~
..\Src\fobos_eth.c:32:9: note: expected 'fobos_protocol_buf_u * {aka union <anonymous> *}' but argument is of type 'volatile fobos_protocol_buf_u * {aka volatile union <anonymous> *}'
 uint8_t confirmation(fobos_protocol_buf_u *fobos_eth_buf, uint8_t *data_for_copy);//ethernet params confirmation
         ^~~~~~~~~~~~
..\Src\fobos_eth.c:633:19: warning: passing argument 1 of 'confirmation' discards 'volatile' qualifier from pointer target type [-Wdiscarded-qualifiers]
   if(confirmation(fobos_eth_buf, subnet_mask_adr))
                   ^~~~~~~~~~~~~
..\Src\fobos_eth.c:32:9: note: expected 'fobos_protocol_buf_u * {aka union <anonymous> *}' but argument is of type 'volatile fobos_protocol_buf_u * {aka volatile union <anonymous> *}'
 uint8_t confirmation(fobos_protocol_buf_u *fobos_eth_buf, uint8_t *data_for_copy);//ethernet params confirmation
         ^~~~~~~~~~~~
..\Src\fobos_eth.c:639:19: warning: passing argument 1 of 'confirmation' discards 'volatile' qualifier from pointer target type [-Wdiscarded-qualifiers]
   if(confirmation(fobos_eth_buf, &socket_port))
                   ^~~~~~~~~~~~~
..\Src\fobos_eth.c:32:9: note: expected 'fobos_protocol_buf_u * {aka union <anonymous> *}' but argument is of type 'volatile fobos_protocol_buf_u * {aka volatile union <anonymous> *}'
 uint8_t confirmation(fobos_protocol_buf_u *fobos_eth_buf, uint8_t *data_for_copy);//ethernet params confirmation
         ^~~~~~~~~~~~
..\Src\fobos_eth.c:639:34: warning: passing argument 2 of 'confirmation' from incompatible pointer type [-Wincompatible-pointer-types]
   if(confirmation(fobos_eth_buf, &socket_port))
                                  ^
..\Src\fobos_eth.c:32:9: note: expected 'uint8_t * {aka unsigned char *}' but argument is of type 'uint16_t * {aka short unsigned int *}'
 uint8_t confirmation(fobos_protocol_buf_u *fobos_eth_buf, uint8_t *data_for_copy);//ethernet params confirmation
         ^~~~~~~~~~~~
..\Src\fobos_eth.c:646:20: warning: passing argument 1 of 'confirmation' discards 'volatile' qualifier from pointer target type [-Wdiscarded-qualifiers]
       confirmation(fobos_eth_buf, &socket_port);
                    ^~~~~~~~~~~~~
..\Src\fobos_eth.c:32:9: note: expected 'fobos_protocol_buf_u * {aka union <anonymous> *}' but argument is of type 'volatile fobos_protocol_buf_u * {aka volatile union <anonymous> *}'
 uint8_t confirmation(fobos_protocol_buf_u *fobos_eth_buf, uint8_t *data_for_copy);//ethernet params confirmation
         ^~~~~~~~~~~~
..\Src\fobos_eth.c:646:35: warning: passing argument 2 of 'confirmation' from incompatible pointer type [-Wincompatible-pointer-types]
       confirmation(fobos_eth_buf, &socket_port);
                                   ^
..\Src\fobos_eth.c:32:9: note: expected 'uint8_t * {aka unsigned char *}' but argument is of type 'uint16_t * {aka short unsigned int *}'
 uint8_t confirmation(fobos_protocol_buf_u *fobos_eth_buf, uint8_t *data_for_copy);//ethernet params confirmation
         ^~~~~~~~~~~~
..\Src\fobos_eth.c:653:19: warning: passing argument 1 of 'confirmation' discards 'volatile' qualifier from pointer target type [-Wdiscarded-qualifiers]
   if(confirmation(fobos_eth_buf, (void*)0))
                   ^~~~~~~~~~~~~
..\Src\fobos_eth.c:32:9: note: expected 'fobos_protocol_buf_u * {aka union <anonymous> *}' but argument is of type 'volatile fobos_protocol_buf_u * {aka volatile union <anonymous> *}'
 uint8_t confirmation(fobos_protocol_buf_u *fobos_eth_buf, uint8_t *data_for_copy);//ethernet params confirmation
         ^~~~~~~~~~~~
..\Src\fobos_eth.c:658:21: warning: passing argument 1 of 'confirmation' discards 'volatile' qualifier from pointer target type [-Wdiscarded-qualifiers]
        confirmation(fobos_eth_buf, (void*)0);
                     ^~~~~~~~~~~~~
..\Src\fobos_eth.c:32:9: note: expected 'fobos_protocol_buf_u * {aka union <anonymous> *}' but argument is of type 'volatile fobos_protocol_buf_u * {aka volatile union <anonymous> *}'
 uint8_t confirmation(fobos_protocol_buf_u *fobos_eth_buf, uint8_t *data_for_copy);//ethernet params confirmation
         ^~~~~~~~~~~~
..\Src\fobos_eth.c:670:22: warning: passing argument 1 of 'feedback_params' discards 'volatile' qualifier from pointer target type [-Wdiscarded-qualifiers]
      feedback_params(fobos_eth_buf, ip, 4+1);
                      ^~~~~~~~~~~~~
..\Src\fobos_eth.c:31:6: note: expected 'fobos_protocol_buf_u * {aka union <anonymous> *}' but argument is of type 'volatile fobos_protocol_buf_u * {aka volatile union <anonymous> *}'
 void feedback_params(fobos_protocol_buf_u *fobos_eth_buf, uint8_t *data_for_copy, uint8_t tx_bytes);
      ^~~~~~~~~~~~~~~
..\Src\fobos_eth.c:674:53: warning: passing argument 3 of 'fobos_eth_protocol_send' discards 'volatile' qualifier from pointer target type [-Wdiscarded-qualifiers]
        fobos_eth_protocol_send(FOBOS_ETH_GET_IP, 1, fobos_eth_buf);
                                                     ^~~~~~~~~~~~~
..\Src\fobos_eth.c:229:6: note: expected 'fobos_protocol_buf_u * {aka union <anonymous> *}' but argument is of type 'volatile fobos_protocol_buf_u * {aka volatile union <anonymous> *}'
 void fobos_eth_protocol_send(uint8_t CMD, uint8_t bytes_in_packet_N, fobos_protocol_buf_u *fobos_eth_buf){
      ^~~~~~~~~~~~~~~~~~~~~~~
..\Src\fobos_eth.c:684:19: warning: passing argument 1 of 'feedback_params' discards 'volatile' qualifier from pointer target type [-Wdiscarded-qualifiers]
   feedback_params(fobos_eth_buf, &dhcp_state, 1+1);
                   ^~~~~~~~~~~~~
..\Src\fobos_eth.c:31:6: note: expected 'fobos_protocol_buf_u * {aka union <anonymous> *}' but argument is of type 'volatile fobos_protocol_buf_u * {aka volatile union <anonymous> *}'
 void feedback_params(fobos_protocol_buf_u *fobos_eth_buf, uint8_t *data_for_copy, uint8_t tx_bytes);
      ^~~~~~~~~~~~~~~
..\Src\fobos_eth.c:690:16: warning: passing argument 2 of 'send' discards 'volatile' qualifier from pointer target type [-Wdiscarded-qualifiers]
   send(SOCKET0,fobos_eth_buf->data_to_transmit,fobos_eth_buf->fobos_protocol_buf_t.bytes_in_packet_N+2);
                ^~~~~~~~~~~~~
In file included from ..\Src\fobos_eth.c:9:0:
..\Src\ethernet/socket.h:250:9: note: expected 'uint8_t * {aka unsigned char *}' but argument is of type 'volatile uint8_t * {aka volatile unsigned char *}'
 int32_t send(uint8_t sn, uint8_t * buf, uint16_t len);
         ^~~~
..\Src\fobos_eth.c:700:22: warning: passing argument 1 of 'feedback_params' discards 'volatile' qualifier from pointer target type [-Wdiscarded-qualifiers]
      feedback_params(fobos_eth_buf, mask, 4+1);
                      ^~~~~~~~~~~~~
..\Src\fobos_eth.c:31:6: note: expected 'fobos_protocol_buf_u * {aka union <anonymous> *}' but argument is of type 'volatile fobos_protocol_buf_u * {aka volatile union <anonymous> *}'
 void feedback_params(fobos_protocol_buf_u *fobos_eth_buf, uint8_t *data_for_copy, uint8_t tx_bytes);
      ^~~~~~~~~~~~~~~
..\Src\fobos_eth.c:704:55: warning: passing argument 3 of 'fobos_eth_protocol_send' discards 'volatile' qualifier from pointer target type [-Wdiscarded-qualifiers]
        fobos_eth_protocol_send(FOBOS_ETH_GET_MASK, 1, fobos_eth_buf);
                                                       ^~~~~~~~~~~~~
..\Src\fobos_eth.c:229:6: note: expected 'fobos_protocol_buf_u * {aka union <anonymous> *}' but argument is of type 'volatile fobos_protocol_buf_u * {aka volatile union <anonymous> *}'
 void fobos_eth_protocol_send(uint8_t CMD, uint8_t bytes_in_packet_N, fobos_protocol_buf_u *fobos_eth_buf){
      ^~~~~~~~~~~~~~~~~~~~~~~
..\Src\fobos_eth.c:715:23: warning: passing argument 1 of 'feedback_params' discards 'volatile' qualifier from pointer target type [-Wdiscarded-qualifiers]
       feedback_params(fobos_eth_buf, port, 2+1);
                       ^~~~~~~~~~~~~
..\Src\fobos_eth.c:31:6: note: expected 'fobos_protocol_buf_u * {aka union <anonymous> *}' but argument is of type 'volatile fobos_protocol_buf_u * {aka volatile union <anonymous> *}'
 void feedback_params(fobos_protocol_buf_u *fobos_eth_buf, uint8_t *data_for_copy, uint8_t tx_bytes);
      ^~~~~~~~~~~~~~~
..\Src\fobos_eth.c:719:50: warning: passing argument 3 of 'fobos_eth_protocol_send' discards 'volatile' qualifier from pointer target type [-Wdiscarded-qualifiers]
   fobos_eth_protocol_send(FOBOS_ETH_GET_PORT, 1, fobos_eth_buf);
                                                  ^~~~~~~~~~~~~
..\Src\fobos_eth.c:229:6: note: expected 'fobos_protocol_buf_u * {aka union <anonymous> *}' but argument is of type 'volatile fobos_protocol_buf_u * {aka volatile union <anonymous> *}'
 void fobos_eth_protocol_send(uint8_t CMD, uint8_t bytes_in_packet_N, fobos_protocol_buf_u *fobos_eth_buf){
      ^~~~~~~~~~~~~~~~~~~~~~~
..\Src\fobos_eth.c:731:23: warning: passing argument 1 of 'feedback_params' discards 'volatile' qualifier from pointer target type [-Wdiscarded-qualifiers]
       feedback_params(fobos_eth_buf, timeout, 2+1);
                       ^~~~~~~~~~~~~
..\Src\fobos_eth.c:31:6: note: expected 'fobos_protocol_buf_u * {aka union <anonymous> *}' but argument is of type 'volatile fobos_protocol_buf_u * {aka volatile union <anonymous> *}'
 void feedback_params(fobos_protocol_buf_u *fobos_eth_buf, uint8_t *data_for_copy, uint8_t tx_bytes);
      ^~~~~~~~~~~~~~~
..\Src\fobos_eth.c:735:53: warning: passing argument 3 of 'fobos_eth_protocol_send' discards 'volatile' qualifier from pointer target type [-Wdiscarded-qualifiers]
   fobos_eth_protocol_send(FOBOS_ETH_GET_TIMEOUT, 1, fobos_eth_buf);
                                                     ^~~~~~~~~~~~~
..\Src\fobos_eth.c:229:6: note: expected 'fobos_protocol_buf_u * {aka union <anonymous> *}' but argument is of type 'volatile fobos_protocol_buf_u * {aka volatile union <anonymous> *}'
 void fobos_eth_protocol_send(uint8_t CMD, uint8_t bytes_in_packet_N, fobos_protocol_buf_u *fobos_eth_buf){
      ^~~~~~~~~~~~~~~~~~~~~~~
..\Src\fobos_eth.c:744:22: warning: passing argument 1 of 'feedback_params' discards 'volatile' qualifier from pointer target type [-Wdiscarded-qualifiers]
      feedback_params(fobos_eth_buf, &dhcp_state, 1+1);
                      ^~~~~~~~~~~~~
..\Src\fobos_eth.c:31:6: note: expected 'fobos_protocol_buf_u * {aka union <anonymous> *}' but argument is of type 'volatile fobos_protocol_buf_u * {aka volatile union <anonymous> *}'
 void feedback_params(fobos_protocol_buf_u *fobos_eth_buf, uint8_t *data_for_copy, uint8_t tx_bytes);
      ^~~~~~~~~~~~~~~
..\Src\fobos_eth.c:748:56: warning: passing argument 3 of 'fobos_eth_protocol_send' discards 'volatile' qualifier from pointer target type [-Wdiscarded-qualifiers]
   fobos_eth_protocol_send(FOBOS_ETH_GET_DHCP_STATE, 1, fobos_eth_buf);
                                                        ^~~~~~~~~~~~~
..\Src\fobos_eth.c:229:6: note: expected 'fobos_protocol_buf_u * {aka union <anonymous> *}' but argument is of type 'volatile fobos_protocol_buf_u * {aka volatile union <anonymous> *}'
 void fobos_eth_protocol_send(uint8_t CMD, uint8_t bytes_in_packet_N, fobos_protocol_buf_u *fobos_eth_buf){
      ^~~~~~~~~~~~~~~~~~~~~~~
..\Src\fobos_eth.c:754:72: warning: passing argument 3 of 'fobos_eth_protocol_send' discards 'volatile' qualifier from pointer target type [-Wdiscarded-qualifiers]
    fobos_eth_protocol_send(fobos_eth_buf->fobos_protocol_buf_t.CMD, 1, fobos_eth_buf);
                                                                        ^~~~~~~~~~~~~
..\Src\fobos_eth.c:229:6: note: expected 'fobos_protocol_buf_u * {aka union <anonymous> *}' but argument is of type 'volatile fobos_protocol_buf_u * {aka volatile union <anonymous> *}'
 void fobos_eth_protocol_send(uint8_t CMD, uint8_t bytes_in_packet_N, fobos_protocol_buf_u *fobos_eth_buf){
      ^~~~~~~~~~~~~~~~~~~~~~~
..\Src\fobos_eth.c: In function 'feedback_params':
..\Src\fobos_eth.c:762:3: warning: incompatible implicit declaration of built-in function 'memcpy'
   memcpy(&fobos_eth_buf->fobos_protocol_buf_t.data[1], data_for_copy, tx_bytes-1);
   ^~~~~~
..\Src\fobos_eth.c:762:3: note: include '<string.h>' or provide a declaration of 'memcpy'
..\Src\fobos_eth.c: In function 'confirmation':
..\Src\fobos_eth.c:771:3: warning: incompatible implicit declaration of built-in function 'memcpy'
   memcpy(data_for_copy,
   ^~~~~~
..\Src\fobos_eth.c:771:3: note: include '<string.h>' or provide a declaration of 'memcpy'
..\Src\fobos_eth.c: In function 'canopen_receive':
..\Src\fobos_eth.c:827:11: warning: unused variable 'subindex' [-Wunused-variable]
   uint8_t subindex = canopen_rcv->values_t.subindex;
           ^~~~~~~~
..\Src\fobos_eth.c: In function 'vFobos_Start_Process':
..\Src\fobos_eth.c:862:23: warning: unused variable 'RxHeader' [-Wunused-variable]
 FDCAN_RxHeaderTypeDef RxHeader;
                       ^~~~~~~~
..\Src\fobos_eth.c:861:25: warning: variable 'can_data_rx' set but not used [-Wunused-but-set-variable]
 uint8_t scan_types = 0, can_data_rx[8] = {0};
                         ^~~~~~~~~~~
..\Src\fobos_eth.c: In function 'can_tx_func':
..\Src\fobos_eth.c:901:9: warning: type defaults to 'int' in declaration of 'a' [-Wimplicit-int]
  static a=0;
         ^
..\Src\fobos_eth.c: In function 'position_mode_process_calibration':
..\Src\fobos_eth.c:995:22: warning: assignment makes integer from pointer without a cast [-Wint-conversion]
       xPosition_func = NULL;
                      ^
..\Src\fobos_eth.c: In function 'position_mode_process_right':
..\Src\fobos_eth.c:1052:22: warning: assignment makes integer from pointer without a cast [-Wint-conversion]
       xPosition_func = NULL;
                      ^
..\Src\fobos_eth.c: In function 'position_mode_process_left':
..\Src\fobos_eth.c:1109:22: warning: assignment makes integer from pointer without a cast [-Wint-conversion]
       xPosition_func = NULL;
                      ^
..\Src\fobos_eth.c: In function 'position_mode_process':
..\Src\fobos_eth.c:1177:36: warning: suggest parentheses around comparison in operand of '&' [-Wparentheses]
  while(canopen_rcv.values_t.data[0]&0b00000111 != 0x07)
                                    ^
..\Src\fobos_eth.c: In function 'homing_process':
..\Src\fobos_eth.c:1314:11: warning: assignment makes integer from pointer without a cast [-Wint-conversion]
   xHoming = NULL;
           ^
..\Src\fobos_eth.c: In function 'can_protocol_data_analyzing':
..\Src\fobos_eth.c:1330:7: warning: incompatible implicit declaration of built-in function 'memcpy'
       memcpy(buf,pRxData,2);
       ^~~~~~
..\Src\fobos_eth.c:1330:7: note: include '<string.h>' or provide a declaration of 'memcpy'
At top level:
..\Src\fobos_eth.c:55:16: warning: 'ip_destination_adr' defined but not used [-Wunused-variable]
 static uint8_t ip_destination_adr[4] = {192,168,100,2};
                ^~~~~~~~~~~~~~~~~~
..\Src\fobos_eth.c:50:16: warning: 'ip_gateway_adr' defined but not used [-Wunused-variable]
 static uint8_t ip_gateway_adr[4] = {192,168,100,2};
                ^~~~~~~~~~~~~~
arm-atollic-eabi-gcc -o Fobos_master_brd.elf Drivers\STM32H7xx_HAL_Driver\Src\stm32h7xx_hal.o Drivers\STM32H7xx_HAL_Driver\Src\stm32h7xx_hal_cortex.o Drivers\STM32H7xx_HAL_Driver\Src\stm32h7xx_hal_dma.o Drivers\STM32H7xx_HAL_Driver\Src\stm32h7xx_hal_dma_ex.o Drivers\STM32H7xx_HAL_Driver\Src\stm32h7xx_hal_fdcan.o Drivers\STM32H7xx_HAL_Driver\Src\stm32h7xx_hal_flash.o Drivers\STM32H7xx_HAL_Driver\Src\stm32h7xx_hal_flash_ex.o Drivers\STM32H7xx_HAL_Driver\Src\stm32h7xx_hal_gpio.o Drivers\STM32H7xx_HAL_Driver\Src\stm32h7xx_hal_hsem.o Drivers\STM32H7xx_HAL_Driver\Src\stm32h7xx_hal_i2c.o Drivers\STM32H7xx_HAL_Driver\Src\stm32h7xx_hal_i2c_ex.o Drivers\STM32H7xx_HAL_Driver\Src\stm32h7xx_hal_iwdg.o Drivers\STM32H7xx_HAL_Driver\Src\stm32h7xx_hal_mdma.o Drivers\STM32H7xx_HAL_Driver\Src\stm32h7xx_hal_pwr.o Drivers\STM32H7xx_HAL_Driver\Src\stm32h7xx_hal_pwr_ex.o Drivers\STM32H7xx_HAL_Driver\Src\stm32h7xx_hal_rcc.o Drivers\STM32H7xx_HAL_Driver\Src\stm32h7xx_hal_rcc_ex.o Drivers\STM32H7xx_HAL_Driver\Src\stm32h7xx_hal_spi.o Drivers\STM32H7xx_HAL_Driver\Src\stm32h7xx_hal_spi_ex.o Drivers\STM32H7xx_HAL_Driver\Src\stm32h7xx_hal_tim.o Drivers\STM32H7xx_HAL_Driver\Src\stm32h7xx_hal_tim_ex.o Drivers\STM32H7xx_HAL_Driver\Src\stm32h7xx_hal_uart.o Drivers\STM32H7xx_HAL_Driver\Src\stm32h7xx_hal_uart_ex.o Middlewares\Third_Party\FreeRTOS\Source\CMSIS_RTOS\cmsis_os.o Middlewares\Third_Party\FreeRTOS\Source\croutine.o Middlewares\Third_Party\FreeRTOS\Source\event_groups.o Middlewares\Third_Party\FreeRTOS\Source\list.o Middlewares\Third_Party\FreeRTOS\Source\portable\GCC\ARM_CM7\r0p1\port.o Middlewares\Third_Party\FreeRTOS\Source\portable\MemMang\heap_4.o Middlewares\Third_Party\FreeRTOS\Source\queue.o Middlewares\Third_Party\FreeRTOS\Source\tasks.o Middlewares\Third_Party\FreeRTOS\Source\timers.o Src\adani_can_medical_protocol.o Src\ethernet\socket.o Src\ethernet\w5200.o Src\ethernet\wizchip_conf.o Src\fobos_eth.o Src\freertos.o Src\internet\dhcp.o Src\main.o Src\own_defines.o Src\stm32h7xx_hal_msp.o Src\stm32h7xx_it.o Src\system_stm32h7xx.o startup\startup_stm32h743xx.o -mthumb -mcpu=cortex-m7 -mfloat-abi=hard -mfpu=fpv5-d16 -T../STM32H743VI_FLASH.ld -specs=nosys.specs -static -Wl,-Map=Fobos_master_brd.map -Wl,--gc-sections -Wl,--defsym=malloc_getpagesize_P=0x80 -Wl,--start-group -lc -lm -Wl,--end-group -specs=nano.specs 
C:\Program Files (x86)\Atollic\TrueSTUDIO for STM32 9.0.1\ide\jre\bin\java -jar C:\Program Files (x86)\Atollic\TrueSTUDIO for STM32 9.0.1\Tools\arm-atollic-reports.jar sizeinfo list Fobos_master_brd.elf 
Generate build reports...
Print size information
   text	   data	    bss	    dec	    hex	filename
  58016	     96	  18132	  76244	  129d4	Fobos_master_brd.elf
Print size information done
Generate listing file
Output sent to: Fobos_master_brd.list
Generate listing file done
Generate build reports done
arm-atollic-eabi-objcopy.exe -O ihex Fobos_master_brd.elf Fobos_master_brd.hex 

18:45:18 Build Finished (took 2s.671ms)

