14:52:57 **** Incremental Build of configuration Debug for project Fobos_master_brd ****
Info: Internal Builder is used for build
arm-atollic-eabi-gcc -c -mthumb -mcpu=cortex-m7 -mfloat-abi=hard -mfpu=fpv5-d16 -std=gnu11 -D__weak=__attribute__((weak)) -D__packed=__attribute__((__packed__)) -DUSE_HAL_DRIVER -DSTM32H743xx -I../Inc -I../Drivers/STM32H7xx_HAL_Driver/Inc -I../Drivers/STM32H7xx_HAL_Driver/Inc/Legacy -I../Middlewares/Third_Party/FreeRTOS/Source/include -I../Middlewares/Third_Party/FreeRTOS/Source/CMSIS_RTOS -I../Middlewares/Third_Party/FreeRTOS/Source/portable/GCC/ARM_CM7/r0p1 -I../Drivers/CMSIS/Device/ST/STM32H7xx/Include -I../Drivers/CMSIS/Include -Os -ffunction-sections -fdata-sections -g -fstack-usage -Wall -specs=nano.specs -o Src\fobos_eth.o ..\Src\fobos_eth.c 
..\Src\fobos_eth.c: In function 'EthernetTask_func':
..\Src\fobos_eth.c:100:5: warning: implicit declaration of function 'Error_Handler' [-Wimplicit-function-declaration]
     Error_Handler();
     ^~~~~~~~~~~~~
..\Src\fobos_eth.c:105:2: warning: implicit declaration of function 'memcpy' [-Wimplicit-function-declaration]
  memcpy(wiz_NetData.sn, subnet_mask_adr, 4);
  ^~~~~~
..\Src\fobos_eth.c:105:2: warning: incompatible implicit declaration of built-in function 'memcpy'
..\Src\fobos_eth.c:105:2: note: include '<string.h>' or provide a declaration of 'memcpy'
..\Src\fobos_eth.c:178:18: warning: passing argument 2 of 'recv' discards 'volatile' qualifier from pointer target type [-Wdiscarded-qualifiers]
     recv(SOCKET0,fobos_eth_buf.data_to_transmit, 258);
                  ^~~~~~~~~~~~~
In file included from ..\Src\fobos_eth.c:9:0:
..\Src\ethernet/socket.h:272:9: note: expected 'uint8_t * {aka unsigned char *}' but argument is of type 'volatile uint8_t * {aka volatile unsigned char *}'
 int32_t recv(uint8_t sn, uint8_t * buf, uint16_t len);
         ^~~~
..\Src\fobos_eth.c: At top level:
..\Src\fobos_eth.c:211:22: warning: initialization makes integer from pointer without a cast [-Wint-conversion]
 BaseType_t xHoming = NULL, xPosition_func = NULL;
                      ^~~~
..\Src\fobos_eth.c:211:45: warning: initialization makes integer from pointer without a cast [-Wint-conversion]
 BaseType_t xHoming = NULL, xPosition_func = NULL;
                                             ^~~~
..\Src\fobos_eth.c: In function 'eth_cmds_analysis':
..\Src\fobos_eth.c:226:4: warning: passing argument 2 of 'send' discards 'volatile' qualifier from pointer target type [-Wdiscarded-qualifiers]
    fobos_eth_buf->data_to_transmit,
    ^~~~~~~~~~~~~
In file included from ..\Src\fobos_eth.c:9:0:
..\Src\ethernet/socket.h:250:9: note: expected 'uint8_t * {aka unsigned char *}' but argument is of type 'volatile uint8_t * {aka volatile unsigned char *}'
 int32_t send(uint8_t sn, uint8_t * buf, uint16_t len);
         ^~~~
..\Src\fobos_eth.c:236:6: warning: incompatible implicit declaration of built-in function 'memcpy'
      memcpy(fobos_eth_buf->fobos_protocol_buf_t.data+1, mac_adr, 6);
      ^~~~~~
..\Src\fobos_eth.c:236:6: note: include '<string.h>' or provide a declaration of 'memcpy'
..\Src\fobos_eth.c:236:13: warning: passing argument 1 of 'memcpy' discards 'volatile' qualifier from pointer target type [-Wdiscarded-qualifiers]
      memcpy(fobos_eth_buf->fobos_protocol_buf_t.data+1, mac_adr, 6);
             ^~~~~~~~~~~~~
..\Src\fobos_eth.c:236:13: note: expected 'void *' but argument is of type 'volatile uint8_t * {aka volatile unsigned char *}'
..\Src\fobos_eth.c:238:104: warning: passing argument 3 of 'fobos_eth_protocol_send' discards 'volatile' qualifier from pointer target type [-Wdiscarded-qualifiers]
      fobos_eth_protocol_send(FOBOS_ETH_GET_MAC, fobos_eth_buf->fobos_protocol_buf_t.bytes_in_packet_N, fobos_eth_buf);
                                                                                                        ^~~~~~~~~~~~~
..\Src\fobos_eth.c:205:6: note: expected 'fobos_protocol_buf_u * {aka union <anonymous> *}' but argument is of type 'volatile fobos_protocol_buf_u * {aka volatile union <anonymous> *}'
 void fobos_eth_protocol_send(uint8_t CMD, uint8_t bytes_in_packet_N, fobos_protocol_buf_u *fobos_eth_buf){
      ^~~~~~~~~~~~~~~~~~~~~~~
..\Src\fobos_eth.c:243:58: warning: passing argument 3 of 'fobos_eth_protocol_send' discards 'volatile' qualifier from pointer target type [-Wdiscarded-qualifiers]
   fobos_eth_protocol_send(FOBOS_CMD_BASING_STATEMENT, 2, fobos_eth_buf);
                                                          ^~~~~~~~~~~~~
..\Src\fobos_eth.c:205:6: note: expected 'fobos_protocol_buf_u * {aka union <anonymous> *}' but argument is of type 'volatile fobos_protocol_buf_u * {aka volatile union <anonymous> *}'
 void fobos_eth_protocol_send(uint8_t CMD, uint8_t bytes_in_packet_N, fobos_protocol_buf_u *fobos_eth_buf){
      ^~~~~~~~~~~~~~~~~~~~~~~
..\Src\fobos_eth.c:248:45: warning: passing argument 3 of 'fobos_eth_protocol_send' discards 'volatile' qualifier from pointer target type [-Wdiscarded-qualifiers]
   fobos_eth_protocol_send(FOBOS_ETH_RST, 1, fobos_eth_buf);
                                             ^~~~~~~~~~~~~
..\Src\fobos_eth.c:205:6: note: expected 'fobos_protocol_buf_u * {aka union <anonymous> *}' but argument is of type 'volatile fobos_protocol_buf_u * {aka volatile union <anonymous> *}'
 void fobos_eth_protocol_send(uint8_t CMD, uint8_t bytes_in_packet_N, fobos_protocol_buf_u *fobos_eth_buf){
      ^~~~~~~~~~~~~~~~~~~~~~~
..\Src\fobos_eth.c:277:42: warning: passing argument 2 of 'can_protocol_data_analyzing' discards 'volatile' qualifier from pointer target type [-Wdiscarded-qualifiers]
    can_protocol_data_analyzing(&hfdcan2, &RxHeader, can_rx_data);
                                          ^
..\Src\fobos_eth.c:37:9: note: expected 'FDCAN_RxHeaderTypeDef * {aka struct <anonymous> *}' but argument is of type 'volatile FDCAN_RxHeaderTypeDef * {aka volatile struct <anonymous> *}'
 uint8_t can_protocol_data_analyzing(FDCAN_HandleTypeDef *hfdcan,
         ^~~~~~~~~~~~~~~~~~~~~~~~~~~
..\Src\fobos_eth.c:293:52: warning: passing argument 3 of 'fobos_eth_protocol_send' discards 'volatile' qualifier from pointer target type [-Wdiscarded-qualifiers]
    fobos_eth_protocol_send(FOBOS_SENSORS_STATE, 3, fobos_eth_buf);
                                                    ^~~~~~~~~~~~~
..\Src\fobos_eth.c:205:6: note: expected 'fobos_protocol_buf_u * {aka union <anonymous> *}' but argument is of type 'volatile fobos_protocol_buf_u * {aka volatile union <anonymous> *}'
 void fobos_eth_protocol_send(uint8_t CMD, uint8_t bytes_in_packet_N, fobos_protocol_buf_u *fobos_eth_buf){
      ^~~~~~~~~~~~~~~~~~~~~~~
..\Src\fobos_eth.c:261:31: warning: unused variable 'temp_lim_switches' [-Wunused-variable]
    uint8_t sensors_state = 0, temp_lim_switches = 0;
                               ^~~~~~~~~~~~~~~~~
..\Src\fobos_eth.c:299:64: warning: passing argument 3 of 'fobos_eth_protocol_send' discards 'volatile' qualifier from pointer target type [-Wdiscarded-qualifiers]
         fobos_eth_protocol_send(FOBOS_CMD_BASING_STATEMENT, 1, fobos_eth_buf);
                                                                ^~~~~~~~~~~~~
..\Src\fobos_eth.c:205:6: note: expected 'fobos_protocol_buf_u * {aka union <anonymous> *}' but argument is of type 'volatile fobos_protocol_buf_u * {aka volatile union <anonymous> *}'
 void fobos_eth_protocol_send(uint8_t CMD, uint8_t bytes_in_packet_N, fobos_protocol_buf_u *fobos_eth_buf){
      ^~~~~~~~~~~~~~~~~~~~~~~
..\Src\fobos_eth.c:322:56: warning: passing argument 3 of 'fobos_eth_protocol_send' discards 'volatile' qualifier from pointer target type [-Wdiscarded-qualifiers]
      fobos_eth_protocol_send(FOBOS_GENERATOR_STATE, 2, fobos_eth_buf);
                                                        ^~~~~~~~~~~~~
..\Src\fobos_eth.c:205:6: note: expected 'fobos_protocol_buf_u * {aka union <anonymous> *}' but argument is of type 'volatile fobos_protocol_buf_u * {aka volatile union <anonymous> *}'
 void fobos_eth_protocol_send(uint8_t CMD, uint8_t bytes_in_packet_N, fobos_protocol_buf_u *fobos_eth_buf){
      ^~~~~~~~~~~~~~~~~~~~~~~
..\Src\fobos_eth.c:327:58: warning: passing argument 3 of 'fobos_eth_protocol_send' discards 'volatile' qualifier from pointer target type [-Wdiscarded-qualifiers]
   fobos_eth_protocol_send(FOBOS_CMD_BASING_STATEMENT, 2, fobos_eth_buf);
                                                          ^~~~~~~~~~~~~
..\Src\fobos_eth.c:205:6: note: expected 'fobos_protocol_buf_u * {aka union <anonymous> *}' but argument is of type 'volatile fobos_protocol_buf_u * {aka volatile union <anonymous> *}'
 void fobos_eth_protocol_send(uint8_t CMD, uint8_t bytes_in_packet_N, fobos_protocol_buf_u *fobos_eth_buf){
      ^~~~~~~~~~~~~~~~~~~~~~~
..\Src\fobos_eth.c:352:9: warning: passing argument 3 of 'fobos_eth_protocol_send' discards 'volatile' qualifier from pointer target type [-Wdiscarded-qualifiers]
         fobos_eth_buf);
         ^~~~~~~~~~~~~
..\Src\fobos_eth.c:205:6: note: expected 'fobos_protocol_buf_u * {aka union <anonymous> *}' but argument is of type 'volatile fobos_protocol_buf_u * {aka volatile union <anonymous> *}'
 void fobos_eth_protocol_send(uint8_t CMD, uint8_t bytes_in_packet_N, fobos_protocol_buf_u *fobos_eth_buf){
      ^~~~~~~~~~~~~~~~~~~~~~~
..\Src\fobos_eth.c:344:15: warning: unused variable 'encoder_val' [-Wunused-variable]
      uint32_t encoder_val;//um
               ^~~~~~~~~~~
..\Src\fobos_eth.c:334:36: warning: unused variable 'temp_lim_switches' [-Wunused-variable]
      uint8_t can_data_tx[8] = {0}, temp_lim_switches = 0;
                                    ^~~~~~~~~~~~~~~~~
..\Src\fobos_eth.c:357:58: warning: passing argument 3 of 'fobos_eth_protocol_send' discards 'volatile' qualifier from pointer target type [-Wdiscarded-qualifiers]
   fobos_eth_protocol_send(FOBOS_CMD_BASING_STATEMENT, 2, fobos_eth_buf);
                                                          ^~~~~~~~~~~~~
..\Src\fobos_eth.c:205:6: note: expected 'fobos_protocol_buf_u * {aka union <anonymous> *}' but argument is of type 'volatile fobos_protocol_buf_u * {aka volatile union <anonymous> *}'
 void fobos_eth_protocol_send(uint8_t CMD, uint8_t bytes_in_packet_N, fobos_protocol_buf_u *fobos_eth_buf){
      ^~~~~~~~~~~~~~~~~~~~~~~
..\Src\fobos_eth.c:365:52: warning: passing argument 3 of 'fobos_eth_protocol_send' discards 'volatile' qualifier from pointer target type [-Wdiscarded-qualifiers]
        fobos_eth_protocol_send(FOBOS_STATEMENT, 2, fobos_eth_buf);
                                                    ^~~~~~~~~~~~~
..\Src\fobos_eth.c:205:6: note: expected 'fobos_protocol_buf_u * {aka union <anonymous> *}' but argument is of type 'volatile fobos_protocol_buf_u * {aka volatile union <anonymous> *}'
 void fobos_eth_protocol_send(uint8_t CMD, uint8_t bytes_in_packet_N, fobos_protocol_buf_u *fobos_eth_buf){
      ^~~~~~~~~~~~~~~~~~~~~~~
..\Src\fobos_eth.c:370:58: warning: passing argument 3 of 'fobos_eth_protocol_send' discards 'volatile' qualifier from pointer target type [-Wdiscarded-qualifiers]
   fobos_eth_protocol_send(FOBOS_CMD_BASING_STATEMENT, 2, fobos_eth_buf);
                                                          ^~~~~~~~~~~~~
..\Src\fobos_eth.c:205:6: note: expected 'fobos_protocol_buf_u * {aka union <anonymous> *}' but argument is of type 'volatile fobos_protocol_buf_u * {aka volatile union <anonymous> *}'
 void fobos_eth_protocol_send(uint8_t CMD, uint8_t bytes_in_packet_N, fobos_protocol_buf_u *fobos_eth_buf){
      ^~~~~~~~~~~~~~~~~~~~~~~
..\Src\fobos_eth.c:387:19: warning: comparison between pointer and integer
        if(xHoming == NULL)
                   ^~
..\Src\fobos_eth.c:390:53: warning: passing argument 3 of 'fobos_eth_protocol_send' discards 'volatile' qualifier from pointer target type [-Wdiscarded-qualifiers]
        fobos_eth_protocol_send(FOBOS_CMD_BASING, 1, fobos_eth_buf);
                                                     ^~~~~~~~~~~~~
..\Src\fobos_eth.c:205:6: note: expected 'fobos_protocol_buf_u * {aka union <anonymous> *}' but argument is of type 'volatile fobos_protocol_buf_u * {aka volatile union <anonymous> *}'
 void fobos_eth_protocol_send(uint8_t CMD, uint8_t bytes_in_packet_N, fobos_protocol_buf_u *fobos_eth_buf){
      ^~~~~~~~~~~~~~~~~~~~~~~
..\Src\fobos_eth.c:395:53: warning: passing argument 3 of 'fobos_eth_protocol_send' discards 'volatile' qualifier from pointer target type [-Wdiscarded-qualifiers]
        fobos_eth_protocol_send(FOBOS_CMD_BASING, 1, fobos_eth_buf);
                                                     ^~~~~~~~~~~~~
..\Src\fobos_eth.c:205:6: note: expected 'fobos_protocol_buf_u * {aka union <anonymous> *}' but argument is of type 'volatile fobos_protocol_buf_u * {aka volatile union <anonymous> *}'
 void fobos_eth_protocol_send(uint8_t CMD, uint8_t bytes_in_packet_N, fobos_protocol_buf_u *fobos_eth_buf){
      ^~~~~~~~~~~~~~~~~~~~~~~
..\Src\fobos_eth.c:419:99: warning: passing argument 3 of 'fobos_eth_protocol_send' discards 'volatile' qualifier from pointer target type [-Wdiscarded-qualifiers]
    fobos_eth_protocol_send(FOBOS_CMD_WORK, fobos_eth_buf->fobos_protocol_buf_t.bytes_in_packet_N, fobos_eth_buf);
                                                                                                   ^~~~~~~~~~~~~
..\Src\fobos_eth.c:205:6: note: expected 'fobos_protocol_buf_u * {aka union <anonymous> *}' but argument is of type 'volatile fobos_protocol_buf_u * {aka volatile union <anonymous> *}'
 void fobos_eth_protocol_send(uint8_t CMD, uint8_t bytes_in_packet_N, fobos_protocol_buf_u *fobos_eth_buf){
      ^~~~~~~~~~~~~~~~~~~~~~~
..\Src\fobos_eth.c:423:52: warning: passing argument 3 of 'fobos_eth_protocol_send' discards 'volatile' qualifier from pointer target type [-Wdiscarded-qualifiers]
         fobos_eth_protocol_send(FOBOS_CMD_WORK, 1, fobos_eth_buf);
                                                    ^~~~~~~~~~~~~
..\Src\fobos_eth.c:205:6: note: expected 'fobos_protocol_buf_u * {aka union <anonymous> *}' but argument is of type 'volatile fobos_protocol_buf_u * {aka volatile union <anonymous> *}'
 void fobos_eth_protocol_send(uint8_t CMD, uint8_t bytes_in_packet_N, fobos_protocol_buf_u *fobos_eth_buf){
      ^~~~~~~~~~~~~~~~~~~~~~~
..\Src\fobos_eth.c:405:29: warning: unused variable 'RxHeader' [-Wunused-variable]
       FDCAN_RxHeaderTypeDef RxHeader;
                             ^~~~~~~~
..\Src\fobos_eth.c:404:15: warning: unused variable 'temp_lim_switches' [-Wunused-variable]
       uint8_t temp_lim_switches = 0;
               ^~~~~~~~~~~~~~~~~
..\Src\fobos_eth.c:428:49: warning: passing argument 3 of 'fobos_eth_protocol_send' discards 'volatile' qualifier from pointer target type [-Wdiscarded-qualifiers]
      fobos_eth_protocol_send(FOBOS_CMD_WORK, 1, fobos_eth_buf);
                                                 ^~~~~~~~~~~~~
..\Src\fobos_eth.c:205:6: note: expected 'fobos_protocol_buf_u * {aka union <anonymous> *}' but argument is of type 'volatile fobos_protocol_buf_u * {aka volatile union <anonymous> *}'
 void fobos_eth_protocol_send(uint8_t CMD, uint8_t bytes_in_packet_N, fobos_protocol_buf_u *fobos_eth_buf){
      ^~~~~~~~~~~~~~~~~~~~~~~
..\Src\fobos_eth.c:448:48: warning: passing argument 3 of 'fobos_eth_protocol_send' discards 'volatile' qualifier from pointer target type [-Wdiscarded-qualifiers]
     fobos_eth_protocol_send(FOBOS_CMD_LAMP, 1, fobos_eth_buf);
                                                ^~~~~~~~~~~~~
..\Src\fobos_eth.c:205:6: note: expected 'fobos_protocol_buf_u * {aka union <anonymous> *}' but argument is of type 'volatile fobos_protocol_buf_u * {aka volatile union <anonymous> *}'
 void fobos_eth_protocol_send(uint8_t CMD, uint8_t bytes_in_packet_N, fobos_protocol_buf_u *fobos_eth_buf){
      ^~~~~~~~~~~~~~~~~~~~~~~
..\Src\fobos_eth.c:483:59: warning: passing argument 3 of 'fobos_eth_protocol_send' discards 'volatile' qualifier from pointer target type [-Wdiscarded-qualifiers]
    fobos_eth_protocol_send(FOBOS_CMD_BASING_STATEMENT, 2, fobos_eth_buf);
                                                           ^~~~~~~~~~~~~
..\Src\fobos_eth.c:205:6: note: expected 'fobos_protocol_buf_u * {aka union <anonymous> *}' but argument is of type 'volatile fobos_protocol_buf_u * {aka volatile union <anonymous> *}'
 void fobos_eth_protocol_send(uint8_t CMD, uint8_t bytes_in_packet_N, fobos_protocol_buf_u *fobos_eth_buf){
      ^~~~~~~~~~~~~~~~~~~~~~~
..\Src\fobos_eth.c:499:25: warning: comparison between pointer and integer
       if(xPosition_func == NULL)
                         ^~
..\Src\fobos_eth.c:505:25: warning: comparison between pointer and integer
       if(xPosition_func == NULL)
                         ^~
..\Src\fobos_eth.c:518:102: warning: passing argument 3 of 'fobos_eth_protocol_send' discards 'volatile' qualifier from pointer target type [-Wdiscarded-qualifiers]
      fobos_eth_protocol_send(FOBOS_CMD_START, fobos_eth_buf->fobos_protocol_buf_t.bytes_in_packet_N, fobos_eth_buf);
                                                                                                      ^~~~~~~~~~~~~
..\Src\fobos_eth.c:205:6: note: expected 'fobos_protocol_buf_u * {aka union <anonymous> *}' but argument is of type 'volatile fobos_protocol_buf_u * {aka volatile union <anonymous> *}'
 void fobos_eth_protocol_send(uint8_t CMD, uint8_t bytes_in_packet_N, fobos_protocol_buf_u *fobos_eth_buf){
      ^~~~~~~~~~~~~~~~~~~~~~~
..\Src\fobos_eth.c:543:62: warning: suggest parentheses around '-' in operand of '&' [-Wparentheses]
           fobos_eth_buf->fobos_protocol_buf_t.data[2] = 0x03 - can_data_rcv[1] & 0x03;
                                                         ~~~~~^~~~~~~~~~~~~~~~~
..\Src\fobos_eth.c:551:107: warning: passing argument 3 of 'fobos_eth_protocol_send' discards 'volatile' qualifier from pointer target type [-Wdiscarded-qualifiers]
    fobos_eth_protocol_send(FOBOS_CMD_START_STATUS, fobos_eth_buf->fobos_protocol_buf_t.bytes_in_packet_N, fobos_eth_buf);
                                                                                                           ^~~~~~~~~~~~~
..\Src\fobos_eth.c:205:6: note: expected 'fobos_protocol_buf_u * {aka union <anonymous> *}' but argument is of type 'volatile fobos_protocol_buf_u * {aka volatile union <anonymous> *}'
 void fobos_eth_protocol_send(uint8_t CMD, uint8_t bytes_in_packet_N, fobos_protocol_buf_u *fobos_eth_buf){
      ^~~~~~~~~~~~~~~~~~~~~~~
..\Src\fobos_eth.c:560:49: warning: passing argument 3 of 'fobos_eth_protocol_send' discards 'volatile' qualifier from pointer target type [-Wdiscarded-qualifiers]
      fobos_eth_protocol_send(FOBOS_CMD_STOP, 1, fobos_eth_buf);
                                                 ^~~~~~~~~~~~~
..\Src\fobos_eth.c:205:6: note: expected 'fobos_protocol_buf_u * {aka union <anonymous> *}' but argument is of type 'volatile fobos_protocol_buf_u * {aka volatile union <anonymous> *}'
 void fobos_eth_protocol_send(uint8_t CMD, uint8_t bytes_in_packet_N, fobos_protocol_buf_u *fobos_eth_buf){
      ^~~~~~~~~~~~~~~~~~~~~~~
..\Src\fobos_eth.c:567:16: warning: implicit declaration of function 'strlen' [-Wimplicit-function-declaration]
   int length = strlen(string_data)+1;
                ^~~~~~
..\Src\fobos_eth.c:567:16: warning: incompatible implicit declaration of built-in function 'strlen'
..\Src\fobos_eth.c:567:16: note: include '<string.h>' or provide a declaration of 'strlen'
..\Src\fobos_eth.c:570:3: warning: incompatible implicit declaration of built-in function 'memcpy'
   memcpy(fobos_eth_buf->fobos_protocol_buf_t.data+1, string_data, length);
   ^~~~~~
..\Src\fobos_eth.c:570:3: note: include '<string.h>' or provide a declaration of 'memcpy'
..\Src\fobos_eth.c:570:10: warning: passing argument 1 of 'memcpy' discards 'volatile' qualifier from pointer target type [-Wdiscarded-qualifiers]
   memcpy(fobos_eth_buf->fobos_protocol_buf_t.data+1, string_data, length);
          ^~~~~~~~~~~~~
..\Src\fobos_eth.c:570:10: note: expected 'void *' but argument is of type 'volatile uint8_t * {aka volatile unsigned char *}'
..\Src\fobos_eth.c:572:16: warning: passing argument 2 of 'send' discards 'volatile' qualifier from pointer target type [-Wdiscarded-qualifiers]
   send(SOCKET0,fobos_eth_buf->data_to_transmit,length+2);
                ^~~~~~~~~~~~~
In file included from ..\Src\fobos_eth.c:9:0:
..\Src\ethernet/socket.h:250:9: note: expected 'uint8_t * {aka unsigned char *}' but argument is of type 'volatile uint8_t * {aka volatile unsigned char *}'
 int32_t send(uint8_t sn, uint8_t * buf, uint16_t len);
         ^~~~
..\Src\fobos_eth.c:579:19: warning: passing argument 1 of 'confirmation' discards 'volatile' qualifier from pointer target type [-Wdiscarded-qualifiers]
   if(confirmation(fobos_eth_buf, ip_source_adr))
                   ^~~~~~~~~~~~~
..\Src\fobos_eth.c:32:9: note: expected 'fobos_protocol_buf_u * {aka union <anonymous> *}' but argument is of type 'volatile fobos_protocol_buf_u * {aka volatile union <anonymous> *}'
 uint8_t confirmation(fobos_protocol_buf_u *fobos_eth_buf, uint8_t *data_for_copy);//ethernet params confirmation
         ^~~~~~~~~~~~
..\Src\fobos_eth.c:583:19: warning: passing argument 1 of 'confirmation' discards 'volatile' qualifier from pointer target type [-Wdiscarded-qualifiers]
   if(confirmation(fobos_eth_buf, subnet_mask_adr))
                   ^~~~~~~~~~~~~
..\Src\fobos_eth.c:32:9: note: expected 'fobos_protocol_buf_u * {aka union <anonymous> *}' but argument is of type 'volatile fobos_protocol_buf_u * {aka volatile union <anonymous> *}'
 uint8_t confirmation(fobos_protocol_buf_u *fobos_eth_buf, uint8_t *data_for_copy);//ethernet params confirmation
         ^~~~~~~~~~~~
..\Src\fobos_eth.c:589:19: warning: passing argument 1 of 'confirmation' discards 'volatile' qualifier from pointer target type [-Wdiscarded-qualifiers]
   if(confirmation(fobos_eth_buf, &socket_port))
                   ^~~~~~~~~~~~~
..\Src\fobos_eth.c:32:9: note: expected 'fobos_protocol_buf_u * {aka union <anonymous> *}' but argument is of type 'volatile fobos_protocol_buf_u * {aka volatile union <anonymous> *}'
 uint8_t confirmation(fobos_protocol_buf_u *fobos_eth_buf, uint8_t *data_for_copy);//ethernet params confirmation
         ^~~~~~~~~~~~
..\Src\fobos_eth.c:589:34: warning: passing argument 2 of 'confirmation' from incompatible pointer type [-Wincompatible-pointer-types]
   if(confirmation(fobos_eth_buf, &socket_port))
                                  ^
..\Src\fobos_eth.c:32:9: note: expected 'uint8_t * {aka unsigned char *}' but argument is of type 'uint16_t * {aka short unsigned int *}'
 uint8_t confirmation(fobos_protocol_buf_u *fobos_eth_buf, uint8_t *data_for_copy);//ethernet params confirmation
         ^~~~~~~~~~~~
..\Src\fobos_eth.c:596:20: warning: passing argument 1 of 'confirmation' discards 'volatile' qualifier from pointer target type [-Wdiscarded-qualifiers]
       confirmation(fobos_eth_buf, &socket_port);
                    ^~~~~~~~~~~~~
..\Src\fobos_eth.c:32:9: note: expected 'fobos_protocol_buf_u * {aka union <anonymous> *}' but argument is of type 'volatile fobos_protocol_buf_u * {aka volatile union <anonymous> *}'
 uint8_t confirmation(fobos_protocol_buf_u *fobos_eth_buf, uint8_t *data_for_copy);//ethernet params confirmation
         ^~~~~~~~~~~~
..\Src\fobos_eth.c:596:35: warning: passing argument 2 of 'confirmation' from incompatible pointer type [-Wincompatible-pointer-types]
       confirmation(fobos_eth_buf, &socket_port);
                                   ^
..\Src\fobos_eth.c:32:9: note: expected 'uint8_t * {aka unsigned char *}' but argument is of type 'uint16_t * {aka short unsigned int *}'
 uint8_t confirmation(fobos_protocol_buf_u *fobos_eth_buf, uint8_t *data_for_copy);//ethernet params confirmation
         ^~~~~~~~~~~~
..\Src\fobos_eth.c:603:19: warning: passing argument 1 of 'confirmation' discards 'volatile' qualifier from pointer target type [-Wdiscarded-qualifiers]
   if(confirmation(fobos_eth_buf, (void*)0))
                   ^~~~~~~~~~~~~
..\Src\fobos_eth.c:32:9: note: expected 'fobos_protocol_buf_u * {aka union <anonymous> *}' but argument is of type 'volatile fobos_protocol_buf_u * {aka volatile union <anonymous> *}'
 uint8_t confirmation(fobos_protocol_buf_u *fobos_eth_buf, uint8_t *data_for_copy);//ethernet params confirmation
         ^~~~~~~~~~~~
..\Src\fobos_eth.c:608:21: warning: passing argument 1 of 'confirmation' discards 'volatile' qualifier from pointer target type [-Wdiscarded-qualifiers]
        confirmation(fobos_eth_buf, (void*)0);
                     ^~~~~~~~~~~~~
..\Src\fobos_eth.c:32:9: note: expected 'fobos_protocol_buf_u * {aka union <anonymous> *}' but argument is of type 'volatile fobos_protocol_buf_u * {aka volatile union <anonymous> *}'
 uint8_t confirmation(fobos_protocol_buf_u *fobos_eth_buf, uint8_t *data_for_copy);//ethernet params confirmation
         ^~~~~~~~~~~~
..\Src\fobos_eth.c:619:22: warning: passing argument 1 of 'feedback_params' discards 'volatile' qualifier from pointer target type [-Wdiscarded-qualifiers]
      feedback_params(fobos_eth_buf, ip, 4+1);
                      ^~~~~~~~~~~~~
..\Src\fobos_eth.c:31:6: note: expected 'fobos_protocol_buf_u * {aka union <anonymous> *}' but argument is of type 'volatile fobos_protocol_buf_u * {aka volatile union <anonymous> *}'
 void feedback_params(fobos_protocol_buf_u *fobos_eth_buf, uint8_t *data_for_copy, uint8_t tx_bytes);
      ^~~~~~~~~~~~~~~
..\Src\fobos_eth.c:629:19: warning: passing argument 1 of 'feedback_params' discards 'volatile' qualifier from pointer target type [-Wdiscarded-qualifiers]
   feedback_params(fobos_eth_buf, &dhcp_state, 1+1);
                   ^~~~~~~~~~~~~
..\Src\fobos_eth.c:31:6: note: expected 'fobos_protocol_buf_u * {aka union <anonymous> *}' but argument is of type 'volatile fobos_protocol_buf_u * {aka volatile union <anonymous> *}'
 void feedback_params(fobos_protocol_buf_u *fobos_eth_buf, uint8_t *data_for_copy, uint8_t tx_bytes);
      ^~~~~~~~~~~~~~~
..\Src\fobos_eth.c:635:16: warning: passing argument 2 of 'send' discards 'volatile' qualifier from pointer target type [-Wdiscarded-qualifiers]
   send(SOCKET0,fobos_eth_buf->data_to_transmit,fobos_eth_buf->fobos_protocol_buf_t.bytes_in_packet_N+2);
                ^~~~~~~~~~~~~
In file included from ..\Src\fobos_eth.c:9:0:
..\Src\ethernet/socket.h:250:9: note: expected 'uint8_t * {aka unsigned char *}' but argument is of type 'volatile uint8_t * {aka volatile unsigned char *}'
 int32_t send(uint8_t sn, uint8_t * buf, uint16_t len);
         ^~~~
..\Src\fobos_eth.c:644:22: warning: passing argument 1 of 'feedback_params' discards 'volatile' qualifier from pointer target type [-Wdiscarded-qualifiers]
      feedback_params(fobos_eth_buf, mask, 4+1);
                      ^~~~~~~~~~~~~
..\Src\fobos_eth.c:31:6: note: expected 'fobos_protocol_buf_u * {aka union <anonymous> *}' but argument is of type 'volatile fobos_protocol_buf_u * {aka volatile union <anonymous> *}'
 void feedback_params(fobos_protocol_buf_u *fobos_eth_buf, uint8_t *data_for_copy, uint8_t tx_bytes);
      ^~~~~~~~~~~~~~~
..\Src\fobos_eth.c:654:23: warning: passing argument 1 of 'feedback_params' discards 'volatile' qualifier from pointer target type [-Wdiscarded-qualifiers]
       feedback_params(fobos_eth_buf, port, 2+1);
                       ^~~~~~~~~~~~~
..\Src\fobos_eth.c:31:6: note: expected 'fobos_protocol_buf_u * {aka union <anonymous> *}' but argument is of type 'volatile fobos_protocol_buf_u * {aka volatile union <anonymous> *}'
 void feedback_params(fobos_protocol_buf_u *fobos_eth_buf, uint8_t *data_for_copy, uint8_t tx_bytes);
      ^~~~~~~~~~~~~~~
..\Src\fobos_eth.c:665:23: warning: passing argument 1 of 'feedback_params' discards 'volatile' qualifier from pointer target type [-Wdiscarded-qualifiers]
       feedback_params(fobos_eth_buf, timeout, 2+1);
                       ^~~~~~~~~~~~~
..\Src\fobos_eth.c:31:6: note: expected 'fobos_protocol_buf_u * {aka union <anonymous> *}' but argument is of type 'volatile fobos_protocol_buf_u * {aka volatile union <anonymous> *}'
 void feedback_params(fobos_protocol_buf_u *fobos_eth_buf, uint8_t *data_for_copy, uint8_t tx_bytes);
      ^~~~~~~~~~~~~~~
..\Src\fobos_eth.c:673:22: warning: passing argument 1 of 'feedback_params' discards 'volatile' qualifier from pointer target type [-Wdiscarded-qualifiers]
      feedback_params(fobos_eth_buf, &dhcp_state, 1+1);
                      ^~~~~~~~~~~~~
..\Src\fobos_eth.c:31:6: note: expected 'fobos_protocol_buf_u * {aka union <anonymous> *}' but argument is of type 'volatile fobos_protocol_buf_u * {aka volatile union <anonymous> *}'
 void feedback_params(fobos_protocol_buf_u *fobos_eth_buf, uint8_t *data_for_copy, uint8_t tx_bytes);
      ^~~~~~~~~~~~~~~
..\Src\fobos_eth.c:679:72: warning: passing argument 3 of 'fobos_eth_protocol_send' discards 'volatile' qualifier from pointer target type [-Wdiscarded-qualifiers]
    fobos_eth_protocol_send(fobos_eth_buf->fobos_protocol_buf_t.CMD, 1, fobos_eth_buf);
                                                                        ^~~~~~~~~~~~~
..\Src\fobos_eth.c:205:6: note: expected 'fobos_protocol_buf_u * {aka union <anonymous> *}' but argument is of type 'volatile fobos_protocol_buf_u * {aka volatile union <anonymous> *}'
 void fobos_eth_protocol_send(uint8_t CMD, uint8_t bytes_in_packet_N, fobos_protocol_buf_u *fobos_eth_buf){
      ^~~~~~~~~~~~~~~~~~~~~~~
..\Src\fobos_eth.c: In function 'feedback_params':
..\Src\fobos_eth.c:686:3: warning: incompatible implicit declaration of built-in function 'memcpy'
   memcpy(&fobos_eth_buf->fobos_protocol_buf_t.data[1], data_for_copy, tx_bytes-1);
   ^~~~~~
..\Src\fobos_eth.c:686:3: note: include '<string.h>' or provide a declaration of 'memcpy'
..\Src\fobos_eth.c: In function 'confirmation':
..\Src\fobos_eth.c:695:3: warning: incompatible implicit declaration of built-in function 'memcpy'
   memcpy(data_for_copy,
   ^~~~~~
..\Src\fobos_eth.c:695:3: note: include '<string.h>' or provide a declaration of 'memcpy'
..\Src\fobos_eth.c: In function 'canopen_receive':
..\Src\fobos_eth.c:751:11: warning: unused variable 'subindex' [-Wunused-variable]
   uint8_t subindex = canopen_rcv->values_t.subindex;
           ^~~~~~~~
..\Src\fobos_eth.c: In function 'vFobos_Start_Process':
..\Src\fobos_eth.c:786:23: warning: unused variable 'RxHeader' [-Wunused-variable]
 FDCAN_RxHeaderTypeDef RxHeader;
                       ^~~~~~~~
..\Src\fobos_eth.c:785:25: warning: variable 'can_data_rx' set but not used [-Wunused-but-set-variable]
 uint8_t scan_types = 0, can_data_rx[8] = {0};
                         ^~~~~~~~~~~
..\Src\fobos_eth.c: In function 'can_tx_func':
..\Src\fobos_eth.c:825:9: warning: type defaults to 'int' in declaration of 'a' [-Wimplicit-int]
  static a=0;
         ^
..\Src\fobos_eth.c: In function 'vTimerCallback':
..\Src\fobos_eth.c:865:40: warning: passing argument 2 of 'can_protocol_data_analyzing' discards 'volatile' qualifier from pointer target type [-Wdiscarded-qualifiers]
  can_protocol_data_analyzing(&hfdcan2, &RxHeader, buf);
                                        ^
..\Src\fobos_eth.c:37:9: note: expected 'FDCAN_RxHeaderTypeDef * {aka struct <anonymous> *}' but argument is of type 'volatile FDCAN_RxHeaderTypeDef * {aka volatile struct <anonymous> *}'
 uint8_t can_protocol_data_analyzing(FDCAN_HandleTypeDef *hfdcan,
         ^~~~~~~~~~~~~~~~~~~~~~~~~~~
..\Src\fobos_eth.c: In function 'position_mode_process_right':
..\Src\fobos_eth.c:921:22: warning: assignment makes integer from pointer without a cast [-Wint-conversion]
       xPosition_func = NULL;
                      ^
..\Src\fobos_eth.c: In function 'position_mode_process_left':
..\Src\fobos_eth.c:980:22: warning: assignment makes integer from pointer without a cast [-Wint-conversion]
       xPosition_func = NULL;
                      ^
..\Src\fobos_eth.c: In function 'position_mode_process':
..\Src\fobos_eth.c:1051:36: warning: suggest parentheses around comparison in operand of '&' [-Wparentheses]
  while(canopen_rcv.values_t.data[0]&0b00000111 != 0x07)
                                    ^
..\Src\fobos_eth.c: In function 'homing_process':
..\Src\fobos_eth.c:1188:13: warning: assignment makes integer from pointer without a cast [-Wint-conversion]
     xHoming = NULL;
             ^
..\Src\fobos_eth.c: In function 'can_protocol_data_analyzing':
..\Src\fobos_eth.c:1202:6: warning: incompatible implicit declaration of built-in function 'memcpy'
      memcpy(buf, pRxData, 2);
      ^~~~~~
..\Src\fobos_eth.c:1202:6: note: include '<string.h>' or provide a declaration of 'memcpy'
..\Src\fobos_eth.c:1202:13: warning: passing argument 1 of 'memcpy' discards 'volatile' qualifier from pointer target type [-Wdiscarded-qualifiers]
      memcpy(buf, pRxData, 2);
             ^~~
..\Src\fobos_eth.c:1202:13: note: expected 'void *' but argument is of type 'volatile uint8_t * {aka volatile unsigned char *}'
At top level:
..\Src\fobos_eth.c:55:16: warning: 'ip_destination_adr' defined but not used [-Wunused-variable]
 static uint8_t ip_destination_adr[4] = {192,168,100,2};
                ^~~~~~~~~~~~~~~~~~
..\Src\fobos_eth.c:50:16: warning: 'ip_gateway_adr' defined but not used [-Wunused-variable]
 static uint8_t ip_gateway_adr[4] = {192,168,100,2};
                ^~~~~~~~~~~~~~
arm-atollic-eabi-gcc -o Fobos_master_brd.elf Drivers\STM32H7xx_HAL_Driver\Src\stm32h7xx_hal.o Drivers\STM32H7xx_HAL_Driver\Src\stm32h7xx_hal_cortex.o Drivers\STM32H7xx_HAL_Driver\Src\stm32h7xx_hal_dma.o Drivers\STM32H7xx_HAL_Driver\Src\stm32h7xx_hal_dma_ex.o Drivers\STM32H7xx_HAL_Driver\Src\stm32h7xx_hal_fdcan.o Drivers\STM32H7xx_HAL_Driver\Src\stm32h7xx_hal_flash.o Drivers\STM32H7xx_HAL_Driver\Src\stm32h7xx_hal_flash_ex.o Drivers\STM32H7xx_HAL_Driver\Src\stm32h7xx_hal_gpio.o Drivers\STM32H7xx_HAL_Driver\Src\stm32h7xx_hal_hsem.o Drivers\STM32H7xx_HAL_Driver\Src\stm32h7xx_hal_i2c.o Drivers\STM32H7xx_HAL_Driver\Src\stm32h7xx_hal_i2c_ex.o Drivers\STM32H7xx_HAL_Driver\Src\stm32h7xx_hal_iwdg.o Drivers\STM32H7xx_HAL_Driver\Src\stm32h7xx_hal_mdma.o Drivers\STM32H7xx_HAL_Driver\Src\stm32h7xx_hal_pwr.o Drivers\STM32H7xx_HAL_Driver\Src\stm32h7xx_hal_pwr_ex.o Drivers\STM32H7xx_HAL_Driver\Src\stm32h7xx_hal_rcc.o Drivers\STM32H7xx_HAL_Driver\Src\stm32h7xx_hal_rcc_ex.o Drivers\STM32H7xx_HAL_Driver\Src\stm32h7xx_hal_spi.o Drivers\STM32H7xx_HAL_Driver\Src\stm32h7xx_hal_spi_ex.o Drivers\STM32H7xx_HAL_Driver\Src\stm32h7xx_hal_tim.o Drivers\STM32H7xx_HAL_Driver\Src\stm32h7xx_hal_tim_ex.o Drivers\STM32H7xx_HAL_Driver\Src\stm32h7xx_hal_uart.o Drivers\STM32H7xx_HAL_Driver\Src\stm32h7xx_hal_uart_ex.o Middlewares\Third_Party\FreeRTOS\Source\CMSIS_RTOS\cmsis_os.o Middlewares\Third_Party\FreeRTOS\Source\croutine.o Middlewares\Third_Party\FreeRTOS\Source\event_groups.o Middlewares\Third_Party\FreeRTOS\Source\list.o Middlewares\Third_Party\FreeRTOS\Source\portable\GCC\ARM_CM7\r0p1\port.o Middlewares\Third_Party\FreeRTOS\Source\portable\MemMang\heap_4.o Middlewares\Third_Party\FreeRTOS\Source\queue.o Middlewares\Third_Party\FreeRTOS\Source\tasks.o Middlewares\Third_Party\FreeRTOS\Source\timers.o Src\adani_can_medical_protocol.o Src\ethernet\socket.o Src\ethernet\w5200.o Src\ethernet\wizchip_conf.o Src\fobos_eth.o Src\freertos.o Src\internet\dhcp.o Src\main.o Src\own_defines.o Src\stm32h7xx_hal_msp.o Src\stm32h7xx_it.o Src\system_stm32h7xx.o startup\startup_stm32h743xx.o -mthumb -mcpu=cortex-m7 -mfloat-abi=hard -mfpu=fpv5-d16 -T../STM32H743VI_FLASH.ld -specs=nosys.specs -static -Wl,-Map=Fobos_master_brd.map -Wl,--gc-sections -Wl,--defsym=malloc_getpagesize_P=0x80 -Wl,--start-group -lc -lm -Wl,--end-group -specs=nano.specs 
C:\Program Files (x86)\Atollic\TrueSTUDIO for STM32 9.0.1\ide\jre\bin\java -jar C:\Program Files (x86)\Atollic\TrueSTUDIO for STM32 9.0.1\Tools\arm-atollic-reports.jar sizeinfo list Fobos_master_brd.elf 
Generate build reports...
Print size information
   text	   data	    bss	    dec	    hex	filename
  33760	     88	  18132	  51980	   cb0c	Fobos_master_brd.elf
Print size information done
Generate listing file
Output sent to: Fobos_master_brd.list
Generate listing file done
Generate build reports done
arm-atollic-eabi-objcopy.exe -O ihex Fobos_master_brd.elf Fobos_master_brd.hex 
14:54:41 **** Incremental Build of configuration Debug for project Fobos_master_brd ****
Info: Internal Builder is used for build
arm-atollic-eabi-gcc -c -mthumb -mcpu=cortex-m7 -mfloat-abi=hard -mfpu=fpv5-d16 -std=gnu11 -D__weak=__attribute__((weak)) -D__packed=__attribute__((__packed__)) -DUSE_HAL_DRIVER -DSTM32H743xx -I../Inc -I../Drivers/STM32H7xx_HAL_Driver/Inc -I../Drivers/STM32H7xx_HAL_Driver/Inc/Legacy -I../Middlewares/Third_Party/FreeRTOS/Source/include -I../Middlewares/Third_Party/FreeRTOS/Source/CMSIS_RTOS -I../Middlewares/Third_Party/FreeRTOS/Source/portable/GCC/ARM_CM7/r0p1 -I../Drivers/CMSIS/Device/ST/STM32H7xx/Include -I../Drivers/CMSIS/Include -Os -ffunction-sections -fdata-sections -g -fstack-usage -Wall -specs=nano.specs -o Src\fobos_eth.o ..\Src\fobos_eth.c 
..\Src\fobos_eth.c: In function 'EthernetTask_func':
..\Src\fobos_eth.c:100:5: warning: implicit declaration of function 'Error_Handler' [-Wimplicit-function-declaration]
     Error_Handler();
     ^~~~~~~~~~~~~
..\Src\fobos_eth.c:105:2: warning: implicit declaration of function 'memcpy' [-Wimplicit-function-declaration]
  memcpy(wiz_NetData.sn, subnet_mask_adr, 4);
  ^~~~~~
..\Src\fobos_eth.c:105:2: warning: incompatible implicit declaration of built-in function 'memcpy'
..\Src\fobos_eth.c:105:2: note: include '<string.h>' or provide a declaration of 'memcpy'
..\Src\fobos_eth.c:178:18: warning: passing argument 2 of 'recv' discards 'volatile' qualifier from pointer target type [-Wdiscarded-qualifiers]
     recv(SOCKET0,fobos_eth_buf.data_to_transmit, 258);
                  ^~~~~~~~~~~~~
In file included from ..\Src\fobos_eth.c:9:0:
..\Src\ethernet/socket.h:272:9: note: expected 'uint8_t * {aka unsigned char *}' but argument is of type 'volatile uint8_t * {aka volatile unsigned char *}'
 int32_t recv(uint8_t sn, uint8_t * buf, uint16_t len);
         ^~~~
..\Src\fobos_eth.c: At top level:
..\Src\fobos_eth.c:211:22: warning: initialization makes integer from pointer without a cast [-Wint-conversion]
 BaseType_t xHoming = NULL, xPosition_func = NULL;
                      ^~~~
..\Src\fobos_eth.c:211:45: warning: initialization makes integer from pointer without a cast [-Wint-conversion]
 BaseType_t xHoming = NULL, xPosition_func = NULL;
                                             ^~~~
..\Src\fobos_eth.c: In function 'eth_cmds_analysis':
..\Src\fobos_eth.c:226:4: warning: passing argument 2 of 'send' discards 'volatile' qualifier from pointer target type [-Wdiscarded-qualifiers]
    fobos_eth_buf->data_to_transmit,
    ^~~~~~~~~~~~~
In file included from ..\Src\fobos_eth.c:9:0:
..\Src\ethernet/socket.h:250:9: note: expected 'uint8_t * {aka unsigned char *}' but argument is of type 'volatile uint8_t * {aka volatile unsigned char *}'
 int32_t send(uint8_t sn, uint8_t * buf, uint16_t len);
         ^~~~
..\Src\fobos_eth.c:236:6: warning: incompatible implicit declaration of built-in function 'memcpy'
      memcpy(fobos_eth_buf->fobos_protocol_buf_t.data+1, mac_adr, 6);
      ^~~~~~
..\Src\fobos_eth.c:236:6: note: include '<string.h>' or provide a declaration of 'memcpy'
..\Src\fobos_eth.c:236:13: warning: passing argument 1 of 'memcpy' discards 'volatile' qualifier from pointer target type [-Wdiscarded-qualifiers]
      memcpy(fobos_eth_buf->fobos_protocol_buf_t.data+1, mac_adr, 6);
             ^~~~~~~~~~~~~
..\Src\fobos_eth.c:236:13: note: expected 'void *' but argument is of type 'volatile uint8_t * {aka volatile unsigned char *}'
..\Src\fobos_eth.c:238:104: warning: passing argument 3 of 'fobos_eth_protocol_send' discards 'volatile' qualifier from pointer target type [-Wdiscarded-qualifiers]
      fobos_eth_protocol_send(FOBOS_ETH_GET_MAC, fobos_eth_buf->fobos_protocol_buf_t.bytes_in_packet_N, fobos_eth_buf);
                                                                                                        ^~~~~~~~~~~~~
..\Src\fobos_eth.c:205:6: note: expected 'fobos_protocol_buf_u * {aka union <anonymous> *}' but argument is of type 'volatile fobos_protocol_buf_u * {aka volatile union <anonymous> *}'
 void fobos_eth_protocol_send(uint8_t CMD, uint8_t bytes_in_packet_N, fobos_protocol_buf_u *fobos_eth_buf){
      ^~~~~~~~~~~~~~~~~~~~~~~
..\Src\fobos_eth.c:243:58: warning: passing argument 3 of 'fobos_eth_protocol_send' discards 'volatile' qualifier from pointer target type [-Wdiscarded-qualifiers]
   fobos_eth_protocol_send(FOBOS_CMD_BASING_STATEMENT, 2, fobos_eth_buf);
                                                          ^~~~~~~~~~~~~
..\Src\fobos_eth.c:205:6: note: expected 'fobos_protocol_buf_u * {aka union <anonymous> *}' but argument is of type 'volatile fobos_protocol_buf_u * {aka volatile union <anonymous> *}'
 void fobos_eth_protocol_send(uint8_t CMD, uint8_t bytes_in_packet_N, fobos_protocol_buf_u *fobos_eth_buf){
      ^~~~~~~~~~~~~~~~~~~~~~~
..\Src\fobos_eth.c:248:45: warning: passing argument 3 of 'fobos_eth_protocol_send' discards 'volatile' qualifier from pointer target type [-Wdiscarded-qualifiers]
   fobos_eth_protocol_send(FOBOS_ETH_RST, 1, fobos_eth_buf);
                                             ^~~~~~~~~~~~~
..\Src\fobos_eth.c:205:6: note: expected 'fobos_protocol_buf_u * {aka union <anonymous> *}' but argument is of type 'volatile fobos_protocol_buf_u * {aka volatile union <anonymous> *}'
 void fobos_eth_protocol_send(uint8_t CMD, uint8_t bytes_in_packet_N, fobos_protocol_buf_u *fobos_eth_buf){
      ^~~~~~~~~~~~~~~~~~~~~~~
..\Src\fobos_eth.c:277:42: warning: passing argument 2 of 'can_protocol_data_analyzing' discards 'volatile' qualifier from pointer target type [-Wdiscarded-qualifiers]
    can_protocol_data_analyzing(&hfdcan2, &RxHeader, can_rx_data);
                                          ^
..\Src\fobos_eth.c:37:9: note: expected 'FDCAN_RxHeaderTypeDef * {aka struct <anonymous> *}' but argument is of type 'volatile FDCAN_RxHeaderTypeDef * {aka volatile struct <anonymous> *}'
 uint8_t can_protocol_data_analyzing(FDCAN_HandleTypeDef *hfdcan,
         ^~~~~~~~~~~~~~~~~~~~~~~~~~~
..\Src\fobos_eth.c:293:52: warning: passing argument 3 of 'fobos_eth_protocol_send' discards 'volatile' qualifier from pointer target type [-Wdiscarded-qualifiers]
    fobos_eth_protocol_send(FOBOS_SENSORS_STATE, 3, fobos_eth_buf);
                                                    ^~~~~~~~~~~~~
..\Src\fobos_eth.c:205:6: note: expected 'fobos_protocol_buf_u * {aka union <anonymous> *}' but argument is of type 'volatile fobos_protocol_buf_u * {aka volatile union <anonymous> *}'
 void fobos_eth_protocol_send(uint8_t CMD, uint8_t bytes_in_packet_N, fobos_protocol_buf_u *fobos_eth_buf){
      ^~~~~~~~~~~~~~~~~~~~~~~
..\Src\fobos_eth.c:261:31: warning: unused variable 'temp_lim_switches' [-Wunused-variable]
    uint8_t sensors_state = 0, temp_lim_switches = 0;
                               ^~~~~~~~~~~~~~~~~
..\Src\fobos_eth.c:299:64: warning: passing argument 3 of 'fobos_eth_protocol_send' discards 'volatile' qualifier from pointer target type [-Wdiscarded-qualifiers]
         fobos_eth_protocol_send(FOBOS_CMD_BASING_STATEMENT, 1, fobos_eth_buf);
                                                                ^~~~~~~~~~~~~
..\Src\fobos_eth.c:205:6: note: expected 'fobos_protocol_buf_u * {aka union <anonymous> *}' but argument is of type 'volatile fobos_protocol_buf_u * {aka volatile union <anonymous> *}'
 void fobos_eth_protocol_send(uint8_t CMD, uint8_t bytes_in_packet_N, fobos_protocol_buf_u *fobos_eth_buf){
      ^~~~~~~~~~~~~~~~~~~~~~~
..\Src\fobos_eth.c:322:56: warning: passing argument 3 of 'fobos_eth_protocol_send' discards 'volatile' qualifier from pointer target type [-Wdiscarded-qualifiers]
      fobos_eth_protocol_send(FOBOS_GENERATOR_STATE, 2, fobos_eth_buf);
                                                        ^~~~~~~~~~~~~
..\Src\fobos_eth.c:205:6: note: expected 'fobos_protocol_buf_u * {aka union <anonymous> *}' but argument is of type 'volatile fobos_protocol_buf_u * {aka volatile union <anonymous> *}'
 void fobos_eth_protocol_send(uint8_t CMD, uint8_t bytes_in_packet_N, fobos_protocol_buf_u *fobos_eth_buf){
      ^~~~~~~~~~~~~~~~~~~~~~~
..\Src\fobos_eth.c:327:58: warning: passing argument 3 of 'fobos_eth_protocol_send' discards 'volatile' qualifier from pointer target type [-Wdiscarded-qualifiers]
   fobos_eth_protocol_send(FOBOS_CMD_BASING_STATEMENT, 2, fobos_eth_buf);
                                                          ^~~~~~~~~~~~~
..\Src\fobos_eth.c:205:6: note: expected 'fobos_protocol_buf_u * {aka union <anonymous> *}' but argument is of type 'volatile fobos_protocol_buf_u * {aka volatile union <anonymous> *}'
 void fobos_eth_protocol_send(uint8_t CMD, uint8_t bytes_in_packet_N, fobos_protocol_buf_u *fobos_eth_buf){
      ^~~~~~~~~~~~~~~~~~~~~~~
..\Src\fobos_eth.c:352:9: warning: passing argument 3 of 'fobos_eth_protocol_send' discards 'volatile' qualifier from pointer target type [-Wdiscarded-qualifiers]
         fobos_eth_buf);
         ^~~~~~~~~~~~~
..\Src\fobos_eth.c:205:6: note: expected 'fobos_protocol_buf_u * {aka union <anonymous> *}' but argument is of type 'volatile fobos_protocol_buf_u * {aka volatile union <anonymous> *}'
 void fobos_eth_protocol_send(uint8_t CMD, uint8_t bytes_in_packet_N, fobos_protocol_buf_u *fobos_eth_buf){
      ^~~~~~~~~~~~~~~~~~~~~~~
..\Src\fobos_eth.c:344:15: warning: unused variable 'encoder_val' [-Wunused-variable]
      uint32_t encoder_val;//um
               ^~~~~~~~~~~
..\Src\fobos_eth.c:334:36: warning: unused variable 'temp_lim_switches' [-Wunused-variable]
      uint8_t can_data_tx[8] = {0}, temp_lim_switches = 0;
                                    ^~~~~~~~~~~~~~~~~
..\Src\fobos_eth.c:357:58: warning: passing argument 3 of 'fobos_eth_protocol_send' discards 'volatile' qualifier from pointer target type [-Wdiscarded-qualifiers]
   fobos_eth_protocol_send(FOBOS_CMD_BASING_STATEMENT, 2, fobos_eth_buf);
                                                          ^~~~~~~~~~~~~
..\Src\fobos_eth.c:205:6: note: expected 'fobos_protocol_buf_u * {aka union <anonymous> *}' but argument is of type 'volatile fobos_protocol_buf_u * {aka volatile union <anonymous> *}'
 void fobos_eth_protocol_send(uint8_t CMD, uint8_t bytes_in_packet_N, fobos_protocol_buf_u *fobos_eth_buf){
      ^~~~~~~~~~~~~~~~~~~~~~~
..\Src\fobos_eth.c:365:52: warning: passing argument 3 of 'fobos_eth_protocol_send' discards 'volatile' qualifier from pointer target type [-Wdiscarded-qualifiers]
        fobos_eth_protocol_send(FOBOS_STATEMENT, 2, fobos_eth_buf);
                                                    ^~~~~~~~~~~~~
..\Src\fobos_eth.c:205:6: note: expected 'fobos_protocol_buf_u * {aka union <anonymous> *}' but argument is of type 'volatile fobos_protocol_buf_u * {aka volatile union <anonymous> *}'
 void fobos_eth_protocol_send(uint8_t CMD, uint8_t bytes_in_packet_N, fobos_protocol_buf_u *fobos_eth_buf){
      ^~~~~~~~~~~~~~~~~~~~~~~
..\Src\fobos_eth.c:370:58: warning: passing argument 3 of 'fobos_eth_protocol_send' discards 'volatile' qualifier from pointer target type [-Wdiscarded-qualifiers]
   fobos_eth_protocol_send(FOBOS_CMD_BASING_STATEMENT, 2, fobos_eth_buf);
                                                          ^~~~~~~~~~~~~
..\Src\fobos_eth.c:205:6: note: expected 'fobos_protocol_buf_u * {aka union <anonymous> *}' but argument is of type 'volatile fobos_protocol_buf_u * {aka volatile union <anonymous> *}'
 void fobos_eth_protocol_send(uint8_t CMD, uint8_t bytes_in_packet_N, fobos_protocol_buf_u *fobos_eth_buf){
      ^~~~~~~~~~~~~~~~~~~~~~~
..\Src\fobos_eth.c:387:19: warning: comparison between pointer and integer
        if(xHoming == NULL)
                   ^~
..\Src\fobos_eth.c:390:53: warning: passing argument 3 of 'fobos_eth_protocol_send' discards 'volatile' qualifier from pointer target type [-Wdiscarded-qualifiers]
        fobos_eth_protocol_send(FOBOS_CMD_BASING, 1, fobos_eth_buf);
                                                     ^~~~~~~~~~~~~
..\Src\fobos_eth.c:205:6: note: expected 'fobos_protocol_buf_u * {aka union <anonymous> *}' but argument is of type 'volatile fobos_protocol_buf_u * {aka volatile union <anonymous> *}'
 void fobos_eth_protocol_send(uint8_t CMD, uint8_t bytes_in_packet_N, fobos_protocol_buf_u *fobos_eth_buf){
      ^~~~~~~~~~~~~~~~~~~~~~~
..\Src\fobos_eth.c:395:53: warning: passing argument 3 of 'fobos_eth_protocol_send' discards 'volatile' qualifier from pointer target type [-Wdiscarded-qualifiers]
        fobos_eth_protocol_send(FOBOS_CMD_BASING, 1, fobos_eth_buf);
                                                     ^~~~~~~~~~~~~
..\Src\fobos_eth.c:205:6: note: expected 'fobos_protocol_buf_u * {aka union <anonymous> *}' but argument is of type 'volatile fobos_protocol_buf_u * {aka volatile union <anonymous> *}'
 void fobos_eth_protocol_send(uint8_t CMD, uint8_t bytes_in_packet_N, fobos_protocol_buf_u *fobos_eth_buf){
      ^~~~~~~~~~~~~~~~~~~~~~~
..\Src\fobos_eth.c:419:99: warning: passing argument 3 of 'fobos_eth_protocol_send' discards 'volatile' qualifier from pointer target type [-Wdiscarded-qualifiers]
    fobos_eth_protocol_send(FOBOS_CMD_WORK, fobos_eth_buf->fobos_protocol_buf_t.bytes_in_packet_N, fobos_eth_buf);
                                                                                                   ^~~~~~~~~~~~~
..\Src\fobos_eth.c:205:6: note: expected 'fobos_protocol_buf_u * {aka union <anonymous> *}' but argument is of type 'volatile fobos_protocol_buf_u * {aka volatile union <anonymous> *}'
 void fobos_eth_protocol_send(uint8_t CMD, uint8_t bytes_in_packet_N, fobos_protocol_buf_u *fobos_eth_buf){
      ^~~~~~~~~~~~~~~~~~~~~~~
..\Src\fobos_eth.c:423:52: warning: passing argument 3 of 'fobos_eth_protocol_send' discards 'volatile' qualifier from pointer target type [-Wdiscarded-qualifiers]
         fobos_eth_protocol_send(FOBOS_CMD_WORK, 1, fobos_eth_buf);
                                                    ^~~~~~~~~~~~~
..\Src\fobos_eth.c:205:6: note: expected 'fobos_protocol_buf_u * {aka union <anonymous> *}' but argument is of type 'volatile fobos_protocol_buf_u * {aka volatile union <anonymous> *}'
 void fobos_eth_protocol_send(uint8_t CMD, uint8_t bytes_in_packet_N, fobos_protocol_buf_u *fobos_eth_buf){
      ^~~~~~~~~~~~~~~~~~~~~~~
..\Src\fobos_eth.c:405:29: warning: unused variable 'RxHeader' [-Wunused-variable]
       FDCAN_RxHeaderTypeDef RxHeader;
                             ^~~~~~~~
..\Src\fobos_eth.c:404:15: warning: unused variable 'temp_lim_switches' [-Wunused-variable]
       uint8_t temp_lim_switches = 0;
               ^~~~~~~~~~~~~~~~~
..\Src\fobos_eth.c:428:49: warning: passing argument 3 of 'fobos_eth_protocol_send' discards 'volatile' qualifier from pointer target type [-Wdiscarded-qualifiers]
      fobos_eth_protocol_send(FOBOS_CMD_WORK, 1, fobos_eth_buf);
                                                 ^~~~~~~~~~~~~
..\Src\fobos_eth.c:205:6: note: expected 'fobos_protocol_buf_u * {aka union <anonymous> *}' but argument is of type 'volatile fobos_protocol_buf_u * {aka volatile union <anonymous> *}'
 void fobos_eth_protocol_send(uint8_t CMD, uint8_t bytes_in_packet_N, fobos_protocol_buf_u *fobos_eth_buf){
      ^~~~~~~~~~~~~~~~~~~~~~~
..\Src\fobos_eth.c:448:48: warning: passing argument 3 of 'fobos_eth_protocol_send' discards 'volatile' qualifier from pointer target type [-Wdiscarded-qualifiers]
     fobos_eth_protocol_send(FOBOS_CMD_LAMP, 1, fobos_eth_buf);
                                                ^~~~~~~~~~~~~
..\Src\fobos_eth.c:205:6: note: expected 'fobos_protocol_buf_u * {aka union <anonymous> *}' but argument is of type 'volatile fobos_protocol_buf_u * {aka volatile union <anonymous> *}'
 void fobos_eth_protocol_send(uint8_t CMD, uint8_t bytes_in_packet_N, fobos_protocol_buf_u *fobos_eth_buf){
      ^~~~~~~~~~~~~~~~~~~~~~~
..\Src\fobos_eth.c:483:59: warning: passing argument 3 of 'fobos_eth_protocol_send' discards 'volatile' qualifier from pointer target type [-Wdiscarded-qualifiers]
    fobos_eth_protocol_send(FOBOS_CMD_BASING_STATEMENT, 2, fobos_eth_buf);
                                                           ^~~~~~~~~~~~~
..\Src\fobos_eth.c:205:6: note: expected 'fobos_protocol_buf_u * {aka union <anonymous> *}' but argument is of type 'volatile fobos_protocol_buf_u * {aka volatile union <anonymous> *}'
 void fobos_eth_protocol_send(uint8_t CMD, uint8_t bytes_in_packet_N, fobos_protocol_buf_u *fobos_eth_buf){
      ^~~~~~~~~~~~~~~~~~~~~~~
..\Src\fobos_eth.c:499:25: warning: comparison between pointer and integer
       if(xPosition_func == NULL)
                         ^~
..\Src\fobos_eth.c:505:25: warning: comparison between pointer and integer
       if(xPosition_func == NULL)
                         ^~
..\Src\fobos_eth.c:518:102: warning: passing argument 3 of 'fobos_eth_protocol_send' discards 'volatile' qualifier from pointer target type [-Wdiscarded-qualifiers]
      fobos_eth_protocol_send(FOBOS_CMD_START, fobos_eth_buf->fobos_protocol_buf_t.bytes_in_packet_N, fobos_eth_buf);
                                                                                                      ^~~~~~~~~~~~~
..\Src\fobos_eth.c:205:6: note: expected 'fobos_protocol_buf_u * {aka union <anonymous> *}' but argument is of type 'volatile fobos_protocol_buf_u * {aka volatile union <anonymous> *}'
 void fobos_eth_protocol_send(uint8_t CMD, uint8_t bytes_in_packet_N, fobos_protocol_buf_u *fobos_eth_buf){
      ^~~~~~~~~~~~~~~~~~~~~~~
..\Src\fobos_eth.c:543:62: warning: suggest parentheses around '-' in operand of '&' [-Wparentheses]
           fobos_eth_buf->fobos_protocol_buf_t.data[2] = 0x03 - can_data_rcv[1] & 0x03;
                                                         ~~~~~^~~~~~~~~~~~~~~~~
..\Src\fobos_eth.c:551:107: warning: passing argument 3 of 'fobos_eth_protocol_send' discards 'volatile' qualifier from pointer target type [-Wdiscarded-qualifiers]
    fobos_eth_protocol_send(FOBOS_CMD_START_STATUS, fobos_eth_buf->fobos_protocol_buf_t.bytes_in_packet_N, fobos_eth_buf);
                                                                                                           ^~~~~~~~~~~~~
..\Src\fobos_eth.c:205:6: note: expected 'fobos_protocol_buf_u * {aka union <anonymous> *}' but argument is of type 'volatile fobos_protocol_buf_u * {aka volatile union <anonymous> *}'
 void fobos_eth_protocol_send(uint8_t CMD, uint8_t bytes_in_packet_N, fobos_protocol_buf_u *fobos_eth_buf){
      ^~~~~~~~~~~~~~~~~~~~~~~
..\Src\fobos_eth.c:560:49: warning: passing argument 3 of 'fobos_eth_protocol_send' discards 'volatile' qualifier from pointer target type [-Wdiscarded-qualifiers]
      fobos_eth_protocol_send(FOBOS_CMD_STOP, 1, fobos_eth_buf);
                                                 ^~~~~~~~~~~~~
..\Src\fobos_eth.c:205:6: note: expected 'fobos_protocol_buf_u * {aka union <anonymous> *}' but argument is of type 'volatile fobos_protocol_buf_u * {aka volatile union <anonymous> *}'
 void fobos_eth_protocol_send(uint8_t CMD, uint8_t bytes_in_packet_N, fobos_protocol_buf_u *fobos_eth_buf){
      ^~~~~~~~~~~~~~~~~~~~~~~
..\Src\fobos_eth.c:567:16: warning: implicit declaration of function 'strlen' [-Wimplicit-function-declaration]
   int length = strlen(string_data)+1;
                ^~~~~~
..\Src\fobos_eth.c:567:16: warning: incompatible implicit declaration of built-in function 'strlen'
..\Src\fobos_eth.c:567:16: note: include '<string.h>' or provide a declaration of 'strlen'
..\Src\fobos_eth.c:570:3: warning: incompatible implicit declaration of built-in function 'memcpy'
   memcpy(fobos_eth_buf->fobos_protocol_buf_t.data+1, string_data, length);
   ^~~~~~
..\Src\fobos_eth.c:570:3: note: include '<string.h>' or provide a declaration of 'memcpy'
..\Src\fobos_eth.c:570:10: warning: passing argument 1 of 'memcpy' discards 'volatile' qualifier from pointer target type [-Wdiscarded-qualifiers]
   memcpy(fobos_eth_buf->fobos_protocol_buf_t.data+1, string_data, length);
          ^~~~~~~~~~~~~
..\Src\fobos_eth.c:570:10: note: expected 'void *' but argument is of type 'volatile uint8_t * {aka volatile unsigned char *}'
..\Src\fobos_eth.c:572:16: warning: passing argument 2 of 'send' discards 'volatile' qualifier from pointer target type [-Wdiscarded-qualifiers]
   send(SOCKET0,fobos_eth_buf->data_to_transmit,length+2);
                ^~~~~~~~~~~~~
In file included from ..\Src\fobos_eth.c:9:0:
..\Src\ethernet/socket.h:250:9: note: expected 'uint8_t * {aka unsigned char *}' but argument is of type 'volatile uint8_t * {aka volatile unsigned char *}'
 int32_t send(uint8_t sn, uint8_t * buf, uint16_t len);
         ^~~~
..\Src\fobos_eth.c:579:19: warning: passing argument 1 of 'confirmation' discards 'volatile' qualifier from pointer target type [-Wdiscarded-qualifiers]
   if(confirmation(fobos_eth_buf, ip_source_adr))
                   ^~~~~~~~~~~~~
..\Src\fobos_eth.c:32:9: note: expected 'fobos_protocol_buf_u * {aka union <anonymous> *}' but argument is of type 'volatile fobos_protocol_buf_u * {aka volatile union <anonymous> *}'
 uint8_t confirmation(fobos_protocol_buf_u *fobos_eth_buf, uint8_t *data_for_copy);//ethernet params confirmation
         ^~~~~~~~~~~~
..\Src\fobos_eth.c:583:19: warning: passing argument 1 of 'confirmation' discards 'volatile' qualifier from pointer target type [-Wdiscarded-qualifiers]
   if(confirmation(fobos_eth_buf, subnet_mask_adr))
                   ^~~~~~~~~~~~~
..\Src\fobos_eth.c:32:9: note: expected 'fobos_protocol_buf_u * {aka union <anonymous> *}' but argument is of type 'volatile fobos_protocol_buf_u * {aka volatile union <anonymous> *}'
 uint8_t confirmation(fobos_protocol_buf_u *fobos_eth_buf, uint8_t *data_for_copy);//ethernet params confirmation
         ^~~~~~~~~~~~
..\Src\fobos_eth.c:589:19: warning: passing argument 1 of 'confirmation' discards 'volatile' qualifier from pointer target type [-Wdiscarded-qualifiers]
   if(confirmation(fobos_eth_buf, &socket_port))
                   ^~~~~~~~~~~~~
..\Src\fobos_eth.c:32:9: note: expected 'fobos_protocol_buf_u * {aka union <anonymous> *}' but argument is of type 'volatile fobos_protocol_buf_u * {aka volatile union <anonymous> *}'
 uint8_t confirmation(fobos_protocol_buf_u *fobos_eth_buf, uint8_t *data_for_copy);//ethernet params confirmation
         ^~~~~~~~~~~~
..\Src\fobos_eth.c:589:34: warning: passing argument 2 of 'confirmation' from incompatible pointer type [-Wincompatible-pointer-types]
   if(confirmation(fobos_eth_buf, &socket_port))
                                  ^
..\Src\fobos_eth.c:32:9: note: expected 'uint8_t * {aka unsigned char *}' but argument is of type 'uint16_t * {aka short unsigned int *}'
 uint8_t confirmation(fobos_protocol_buf_u *fobos_eth_buf, uint8_t *data_for_copy);//ethernet params confirmation
         ^~~~~~~~~~~~
..\Src\fobos_eth.c:596:20: warning: passing argument 1 of 'confirmation' discards 'volatile' qualifier from pointer target type [-Wdiscarded-qualifiers]
       confirmation(fobos_eth_buf, &socket_port);
                    ^~~~~~~~~~~~~
..\Src\fobos_eth.c:32:9: note: expected 'fobos_protocol_buf_u * {aka union <anonymous> *}' but argument is of type 'volatile fobos_protocol_buf_u * {aka volatile union <anonymous> *}'
 uint8_t confirmation(fobos_protocol_buf_u *fobos_eth_buf, uint8_t *data_for_copy);//ethernet params confirmation
         ^~~~~~~~~~~~
..\Src\fobos_eth.c:596:35: warning: passing argument 2 of 'confirmation' from incompatible pointer type [-Wincompatible-pointer-types]
       confirmation(fobos_eth_buf, &socket_port);
                                   ^
..\Src\fobos_eth.c:32:9: note: expected 'uint8_t * {aka unsigned char *}' but argument is of type 'uint16_t * {aka short unsigned int *}'
 uint8_t confirmation(fobos_protocol_buf_u *fobos_eth_buf, uint8_t *data_for_copy);//ethernet params confirmation
         ^~~~~~~~~~~~
..\Src\fobos_eth.c:603:19: warning: passing argument 1 of 'confirmation' discards 'volatile' qualifier from pointer target type [-Wdiscarded-qualifiers]
   if(confirmation(fobos_eth_buf, (void*)0))
                   ^~~~~~~~~~~~~
..\Src\fobos_eth.c:32:9: note: expected 'fobos_protocol_buf_u * {aka union <anonymous> *}' but argument is of type 'volatile fobos_protocol_buf_u * {aka volatile union <anonymous> *}'
 uint8_t confirmation(fobos_protocol_buf_u *fobos_eth_buf, uint8_t *data_for_copy);//ethernet params confirmation
         ^~~~~~~~~~~~
..\Src\fobos_eth.c:608:21: warning: passing argument 1 of 'confirmation' discards 'volatile' qualifier from pointer target type [-Wdiscarded-qualifiers]
        confirmation(fobos_eth_buf, (void*)0);
                     ^~~~~~~~~~~~~
..\Src\fobos_eth.c:32:9: note: expected 'fobos_protocol_buf_u * {aka union <anonymous> *}' but argument is of type 'volatile fobos_protocol_buf_u * {aka volatile union <anonymous> *}'
 uint8_t confirmation(fobos_protocol_buf_u *fobos_eth_buf, uint8_t *data_for_copy);//ethernet params confirmation
         ^~~~~~~~~~~~
..\Src\fobos_eth.c:619:22: warning: passing argument 1 of 'feedback_params' discards 'volatile' qualifier from pointer target type [-Wdiscarded-qualifiers]
      feedback_params(fobos_eth_buf, ip, 4+1);
                      ^~~~~~~~~~~~~
..\Src\fobos_eth.c:31:6: note: expected 'fobos_protocol_buf_u * {aka union <anonymous> *}' but argument is of type 'volatile fobos_protocol_buf_u * {aka volatile union <anonymous> *}'
 void feedback_params(fobos_protocol_buf_u *fobos_eth_buf, uint8_t *data_for_copy, uint8_t tx_bytes);
      ^~~~~~~~~~~~~~~
..\Src\fobos_eth.c:629:19: warning: passing argument 1 of 'feedback_params' discards 'volatile' qualifier from pointer target type [-Wdiscarded-qualifiers]
   feedback_params(fobos_eth_buf, &dhcp_state, 1+1);
                   ^~~~~~~~~~~~~
..\Src\fobos_eth.c:31:6: note: expected 'fobos_protocol_buf_u * {aka union <anonymous> *}' but argument is of type 'volatile fobos_protocol_buf_u * {aka volatile union <anonymous> *}'
 void feedback_params(fobos_protocol_buf_u *fobos_eth_buf, uint8_t *data_for_copy, uint8_t tx_bytes);
      ^~~~~~~~~~~~~~~
..\Src\fobos_eth.c:635:16: warning: passing argument 2 of 'send' discards 'volatile' qualifier from pointer target type [-Wdiscarded-qualifiers]
   send(SOCKET0,fobos_eth_buf->data_to_transmit,fobos_eth_buf->fobos_protocol_buf_t.bytes_in_packet_N+2);
                ^~~~~~~~~~~~~
In file included from ..\Src\fobos_eth.c:9:0:
..\Src\ethernet/socket.h:250:9: note: expected 'uint8_t * {aka unsigned char *}' but argument is of type 'volatile uint8_t * {aka volatile unsigned char *}'
 int32_t send(uint8_t sn, uint8_t * buf, uint16_t len);
         ^~~~
..\Src\fobos_eth.c:644:22: warning: passing argument 1 of 'feedback_params' discards 'volatile' qualifier from pointer target type [-Wdiscarded-qualifiers]
      feedback_params(fobos_eth_buf, mask, 4+1);
                      ^~~~~~~~~~~~~
..\Src\fobos_eth.c:31:6: note: expected 'fobos_protocol_buf_u * {aka union <anonymous> *}' but argument is of type 'volatile fobos_protocol_buf_u * {aka volatile union <anonymous> *}'
 void feedback_params(fobos_protocol_buf_u *fobos_eth_buf, uint8_t *data_for_copy, uint8_t tx_bytes);
      ^~~~~~~~~~~~~~~
..\Src\fobos_eth.c:654:23: warning: passing argument 1 of 'feedback_params' discards 'volatile' qualifier from pointer target type [-Wdiscarded-qualifiers]
       feedback_params(fobos_eth_buf, port, 2+1);
                       ^~~~~~~~~~~~~
..\Src\fobos_eth.c:31:6: note: expected 'fobos_protocol_buf_u * {aka union <anonymous> *}' but argument is of type 'volatile fobos_protocol_buf_u * {aka volatile union <anonymous> *}'
 void feedback_params(fobos_protocol_buf_u *fobos_eth_buf, uint8_t *data_for_copy, uint8_t tx_bytes);
      ^~~~~~~~~~~~~~~
..\Src\fobos_eth.c:665:23: warning: passing argument 1 of 'feedback_params' discards 'volatile' qualifier from pointer target type [-Wdiscarded-qualifiers]
       feedback_params(fobos_eth_buf, timeout, 2+1);
                       ^~~~~~~~~~~~~
..\Src\fobos_eth.c:31:6: note: expected 'fobos_protocol_buf_u * {aka union <anonymous> *}' but argument is of type 'volatile fobos_protocol_buf_u * {aka volatile union <anonymous> *}'
 void feedback_params(fobos_protocol_buf_u *fobos_eth_buf, uint8_t *data_for_copy, uint8_t tx_bytes);
      ^~~~~~~~~~~~~~~
..\Src\fobos_eth.c:673:22: warning: passing argument 1 of 'feedback_params' discards 'volatile' qualifier from pointer target type [-Wdiscarded-qualifiers]
      feedback_params(fobos_eth_buf, &dhcp_state, 1+1);
                      ^~~~~~~~~~~~~
..\Src\fobos_eth.c:31:6: note: expected 'fobos_protocol_buf_u * {aka union <anonymous> *}' but argument is of type 'volatile fobos_protocol_buf_u * {aka volatile union <anonymous> *}'
 void feedback_params(fobos_protocol_buf_u *fobos_eth_buf, uint8_t *data_for_copy, uint8_t tx_bytes);
      ^~~~~~~~~~~~~~~
..\Src\fobos_eth.c:679:72: warning: passing argument 3 of 'fobos_eth_protocol_send' discards 'volatile' qualifier from pointer target type [-Wdiscarded-qualifiers]
    fobos_eth_protocol_send(fobos_eth_buf->fobos_protocol_buf_t.CMD, 1, fobos_eth_buf);
                                                                        ^~~~~~~~~~~~~
..\Src\fobos_eth.c:205:6: note: expected 'fobos_protocol_buf_u * {aka union <anonymous> *}' but argument is of type 'volatile fobos_protocol_buf_u * {aka volatile union <anonymous> *}'
 void fobos_eth_protocol_send(uint8_t CMD, uint8_t bytes_in_packet_N, fobos_protocol_buf_u *fobos_eth_buf){
      ^~~~~~~~~~~~~~~~~~~~~~~
..\Src\fobos_eth.c: In function 'feedback_params':
..\Src\fobos_eth.c:686:3: warning: incompatible implicit declaration of built-in function 'memcpy'
   memcpy(&fobos_eth_buf->fobos_protocol_buf_t.data[1], data_for_copy, tx_bytes-1);
   ^~~~~~
..\Src\fobos_eth.c:686:3: note: include '<string.h>' or provide a declaration of 'memcpy'
..\Src\fobos_eth.c: In function 'confirmation':
..\Src\fobos_eth.c:695:3: warning: incompatible implicit declaration of built-in function 'memcpy'
   memcpy(data_for_copy,
   ^~~~~~
..\Src\fobos_eth.c:695:3: note: include '<string.h>' or provide a declaration of 'memcpy'
..\Src\fobos_eth.c: In function 'canopen_receive':
..\Src\fobos_eth.c:751:11: warning: unused variable 'subindex' [-Wunused-variable]
   uint8_t subindex = canopen_rcv->values_t.subindex;
           ^~~~~~~~
..\Src\fobos_eth.c: In function 'vFobos_Start_Process':
..\Src\fobos_eth.c:786:23: warning: unused variable 'RxHeader' [-Wunused-variable]
 FDCAN_RxHeaderTypeDef RxHeader;
                       ^~~~~~~~
..\Src\fobos_eth.c:785:25: warning: variable 'can_data_rx' set but not used [-Wunused-but-set-variable]
 uint8_t scan_types = 0, can_data_rx[8] = {0};
                         ^~~~~~~~~~~
..\Src\fobos_eth.c: In function 'can_tx_func':
..\Src\fobos_eth.c:825:9: warning: type defaults to 'int' in declaration of 'a' [-Wimplicit-int]
  static a=0;
         ^
..\Src\fobos_eth.c: In function 'vTimerCallback':
..\Src\fobos_eth.c:865:40: warning: passing argument 2 of 'can_protocol_data_analyzing' discards 'volatile' qualifier from pointer target type [-Wdiscarded-qualifiers]
  can_protocol_data_analyzing(&hfdcan2, &RxHeader, buf);
                                        ^
..\Src\fobos_eth.c:37:9: note: expected 'FDCAN_RxHeaderTypeDef * {aka struct <anonymous> *}' but argument is of type 'volatile FDCAN_RxHeaderTypeDef * {aka volatile struct <anonymous> *}'
 uint8_t can_protocol_data_analyzing(FDCAN_HandleTypeDef *hfdcan,
         ^~~~~~~~~~~~~~~~~~~~~~~~~~~
..\Src\fobos_eth.c: In function 'position_mode_process_right':
..\Src\fobos_eth.c:921:22: warning: assignment makes integer from pointer without a cast [-Wint-conversion]
       xPosition_func = NULL;
                      ^
..\Src\fobos_eth.c: In function 'position_mode_process_left':
..\Src\fobos_eth.c:979:22: warning: assignment makes integer from pointer without a cast [-Wint-conversion]
       xPosition_func = NULL;
                      ^
..\Src\fobos_eth.c: In function 'position_mode_process':
..\Src\fobos_eth.c:1049:36: warning: suggest parentheses around comparison in operand of '&' [-Wparentheses]
  while(canopen_rcv.values_t.data[0]&0b00000111 != 0x07)
                                    ^
..\Src\fobos_eth.c: In function 'homing_process':
..\Src\fobos_eth.c:1186:13: warning: assignment makes integer from pointer without a cast [-Wint-conversion]
     xHoming = NULL;
             ^
..\Src\fobos_eth.c: In function 'can_protocol_data_analyzing':
..\Src\fobos_eth.c:1200:6: warning: incompatible implicit declaration of built-in function 'memcpy'
      memcpy(buf, pRxData, 2);
      ^~~~~~
..\Src\fobos_eth.c:1200:6: note: include '<string.h>' or provide a declaration of 'memcpy'
..\Src\fobos_eth.c:1200:13: warning: passing argument 1 of 'memcpy' discards 'volatile' qualifier from pointer target type [-Wdiscarded-qualifiers]
      memcpy(buf, pRxData, 2);
             ^~~
..\Src\fobos_eth.c:1200:13: note: expected 'void *' but argument is of type 'volatile uint8_t * {aka volatile unsigned char *}'
At top level:
..\Src\fobos_eth.c:55:16: warning: 'ip_destination_adr' defined but not used [-Wunused-variable]
 static uint8_t ip_destination_adr[4] = {192,168,100,2};
                ^~~~~~~~~~~~~~~~~~
..\Src\fobos_eth.c:50:16: warning: 'ip_gateway_adr' defined but not used [-Wunused-variable]
 static uint8_t ip_gateway_adr[4] = {192,168,100,2};
                ^~~~~~~~~~~~~~
arm-atollic-eabi-gcc -o Fobos_master_brd.elf Drivers\STM32H7xx_HAL_Driver\Src\stm32h7xx_hal.o Drivers\STM32H7xx_HAL_Driver\Src\stm32h7xx_hal_cortex.o Drivers\STM32H7xx_HAL_Driver\Src\stm32h7xx_hal_dma.o Drivers\STM32H7xx_HAL_Driver\Src\stm32h7xx_hal_dma_ex.o Drivers\STM32H7xx_HAL_Driver\Src\stm32h7xx_hal_fdcan.o Drivers\STM32H7xx_HAL_Driver\Src\stm32h7xx_hal_flash.o Drivers\STM32H7xx_HAL_Driver\Src\stm32h7xx_hal_flash_ex.o Drivers\STM32H7xx_HAL_Driver\Src\stm32h7xx_hal_gpio.o Drivers\STM32H7xx_HAL_Driver\Src\stm32h7xx_hal_hsem.o Drivers\STM32H7xx_HAL_Driver\Src\stm32h7xx_hal_i2c.o Drivers\STM32H7xx_HAL_Driver\Src\stm32h7xx_hal_i2c_ex.o Drivers\STM32H7xx_HAL_Driver\Src\stm32h7xx_hal_iwdg.o Drivers\STM32H7xx_HAL_Driver\Src\stm32h7xx_hal_mdma.o Drivers\STM32H7xx_HAL_Driver\Src\stm32h7xx_hal_pwr.o Drivers\STM32H7xx_HAL_Driver\Src\stm32h7xx_hal_pwr_ex.o Drivers\STM32H7xx_HAL_Driver\Src\stm32h7xx_hal_rcc.o Drivers\STM32H7xx_HAL_Driver\Src\stm32h7xx_hal_rcc_ex.o Drivers\STM32H7xx_HAL_Driver\Src\stm32h7xx_hal_spi.o Drivers\STM32H7xx_HAL_Driver\Src\stm32h7xx_hal_spi_ex.o Drivers\STM32H7xx_HAL_Driver\Src\stm32h7xx_hal_tim.o Drivers\STM32H7xx_HAL_Driver\Src\stm32h7xx_hal_tim_ex.o Drivers\STM32H7xx_HAL_Driver\Src\stm32h7xx_hal_uart.o Drivers\STM32H7xx_HAL_Driver\Src\stm32h7xx_hal_uart_ex.o Middlewares\Third_Party\FreeRTOS\Source\CMSIS_RTOS\cmsis_os.o Middlewares\Third_Party\FreeRTOS\Source\croutine.o Middlewares\Third_Party\FreeRTOS\Source\event_groups.o Middlewares\Third_Party\FreeRTOS\Source\list.o Middlewares\Third_Party\FreeRTOS\Source\portable\GCC\ARM_CM7\r0p1\port.o Middlewares\Third_Party\FreeRTOS\Source\portable\MemMang\heap_4.o Middlewares\Third_Party\FreeRTOS\Source\queue.o Middlewares\Third_Party\FreeRTOS\Source\tasks.o Middlewares\Third_Party\FreeRTOS\Source\timers.o Src\adani_can_medical_protocol.o Src\ethernet\socket.o Src\ethernet\w5200.o Src\ethernet\wizchip_conf.o Src\fobos_eth.o Src\freertos.o Src\internet\dhcp.o Src\main.o Src\own_defines.o Src\stm32h7xx_hal_msp.o Src\stm32h7xx_it.o Src\system_stm32h7xx.o startup\startup_stm32h743xx.o -mthumb -mcpu=cortex-m7 -mfloat-abi=hard -mfpu=fpv5-d16 -T../STM32H743VI_FLASH.ld -specs=nosys.specs -static -Wl,-Map=Fobos_master_brd.map -Wl,--gc-sections -Wl,--defsym=malloc_getpagesize_P=0x80 -Wl,--start-group -lc -lm -Wl,--end-group -specs=nano.specs 
C:\Program Files (x86)\Atollic\TrueSTUDIO for STM32 9.0.1\ide\jre\bin\java -jar C:\Program Files (x86)\Atollic\TrueSTUDIO for STM32 9.0.1\Tools\arm-atollic-reports.jar sizeinfo list Fobos_master_brd.elf 
Generate build reports...
Print size information
   text	   data	    bss	    dec	    hex	filename
  33744	     88	  18132	  51964	   cafc	Fobos_master_brd.elf
Print size information done
Generate listing file
Output sent to: Fobos_master_brd.list
Generate listing file done
Generate build reports done
arm-atollic-eabi-objcopy.exe -O ihex Fobos_master_brd.elf Fobos_master_brd.hex 
15:10:34 **** Incremental Build of configuration Debug for project Fobos_master_brd ****
Info: Internal Builder is used for build
arm-atollic-eabi-gcc -c -mthumb -mcpu=cortex-m7 -mfloat-abi=hard -mfpu=fpv5-d16 -std=gnu11 -D__weak=__attribute__((weak)) -D__packed=__attribute__((__packed__)) -DUSE_HAL_DRIVER -DSTM32H743xx -I../Inc -I../Drivers/STM32H7xx_HAL_Driver/Inc -I../Drivers/STM32H7xx_HAL_Driver/Inc/Legacy -I../Middlewares/Third_Party/FreeRTOS/Source/include -I../Middlewares/Third_Party/FreeRTOS/Source/CMSIS_RTOS -I../Middlewares/Third_Party/FreeRTOS/Source/portable/GCC/ARM_CM7/r0p1 -I../Drivers/CMSIS/Device/ST/STM32H7xx/Include -I../Drivers/CMSIS/Include -Os -ffunction-sections -fdata-sections -g -fstack-usage -Wall -specs=nano.specs -o Src\main.o ..\Src\main.c 
..\Src\main.c: In function 'main':
..\Src\main.c:190:3: warning: "/*" within comment [-Wcomment]
   /* USER CODE END RTOS_THREADS */
    
..\Src\main.c: In function 'MX_FDCAN2_Init':
..\Src\main.c:351:3: warning: implicit declaration of function 'FDCAN_Config' [-Wimplicit-function-declaration]
   FDCAN_Config(0);
   ^~~~~~~~~~~~
..\Src\main.c: In function 'can_tx_func':
..\Src\main.c:658:9: warning: type defaults to 'int' in declaration of 'a' [-Wimplicit-int]
  static a=0;
         ^
..\Src\main.c: At top level:
..\Src\main.c:663:6: warning: conflicting types for 'FDCAN_Config'
 void FDCAN_Config(uint32_t adr)
      ^~~~~~~~~~~~
..\Src\main.c:351:3: note: previous implicit declaration of 'FDCAN_Config' was here
   FDCAN_Config(0);
   ^~~~~~~~~~~~
..\Src\main.c: In function 'DigIOTask_func':
..\Src\main.c:743:7: warning: this 'if' clause does not guard... [-Wmisleading-indentation]
       if(0)
       ^~
..\Src\main.c:765:4: note: ...this statement, but the latter is misleadingly indented as if it is guarded by the 'if'
    vTaskDelay(3);
    ^~~~~~~~~~
..\Src\main.c:743:9: warning: suggest explicit braces to avoid ambiguous 'else' [-Wparentheses]
       if(0)
         ^
arm-atollic-eabi-gcc -c -mthumb -mcpu=cortex-m7 -mfloat-abi=hard -mfpu=fpv5-d16 -std=gnu11 -D__weak=__attribute__((weak)) -D__packed=__attribute__((__packed__)) -DUSE_HAL_DRIVER -DSTM32H743xx -I../Inc -I../Drivers/STM32H7xx_HAL_Driver/Inc -I../Drivers/STM32H7xx_HAL_Driver/Inc/Legacy -I../Middlewares/Third_Party/FreeRTOS/Source/include -I../Middlewares/Third_Party/FreeRTOS/Source/CMSIS_RTOS -I../Middlewares/Third_Party/FreeRTOS/Source/portable/GCC/ARM_CM7/r0p1 -I../Drivers/CMSIS/Device/ST/STM32H7xx/Include -I../Drivers/CMSIS/Include -Os -ffunction-sections -fdata-sections -g -fstack-usage -Wall -specs=nano.specs -o Src\adani_can_medical_protocol.o ..\Src\adani_can_medical_protocol.c 
arm-atollic-eabi-gcc -c -mthumb -mcpu=cortex-m7 -mfloat-abi=hard -mfpu=fpv5-d16 -std=gnu11 -D__weak=__attribute__((weak)) -D__packed=__attribute__((__packed__)) -DUSE_HAL_DRIVER -DSTM32H743xx -I../Inc -I../Drivers/STM32H7xx_HAL_Driver/Inc -I../Drivers/STM32H7xx_HAL_Driver/Inc/Legacy -I../Middlewares/Third_Party/FreeRTOS/Source/include -I../Middlewares/Third_Party/FreeRTOS/Source/CMSIS_RTOS -I../Middlewares/Third_Party/FreeRTOS/Source/portable/GCC/ARM_CM7/r0p1 -I../Drivers/CMSIS/Device/ST/STM32H7xx/Include -I../Drivers/CMSIS/Include -Os -ffunction-sections -fdata-sections -g -fstack-usage -Wall -specs=nano.specs -o Src\fobos_eth.o ..\Src\fobos_eth.c 
..\Src\fobos_eth.c: In function 'EthernetTask_func':
..\Src\fobos_eth.c:95:5: warning: implicit declaration of function 'Error_Handler' [-Wimplicit-function-declaration]
     Error_Handler();
     ^~~~~~~~~~~~~
..\Src\fobos_eth.c:100:2: warning: implicit declaration of function 'memcpy' [-Wimplicit-function-declaration]
  memcpy(wiz_NetData.sn, subnet_mask_adr, 4);
  ^~~~~~
..\Src\fobos_eth.c:100:2: warning: incompatible implicit declaration of built-in function 'memcpy'
..\Src\fobos_eth.c:100:2: note: include '<string.h>' or provide a declaration of 'memcpy'
..\Src\fobos_eth.c:167:18: warning: passing argument 2 of 'recv' discards 'volatile' qualifier from pointer target type [-Wdiscarded-qualifiers]
     recv(SOCKET0,fobos_eth_buf.data_to_transmit, 258);
                  ^~~~~~~~~~~~~
In file included from ..\Src\fobos_eth.c:9:0:
..\Src\ethernet/socket.h:272:9: note: expected 'uint8_t * {aka unsigned char *}' but argument is of type 'volatile uint8_t * {aka volatile unsigned char *}'
 int32_t recv(uint8_t sn, uint8_t * buf, uint16_t len);
         ^~~~
..\Src\fobos_eth.c: At top level:
..\Src\fobos_eth.c:204:22: warning: initialization makes integer from pointer without a cast [-Wint-conversion]
 BaseType_t xHoming = NULL, xPosition_func = NULL;
                      ^~~~
..\Src\fobos_eth.c:204:45: warning: initialization makes integer from pointer without a cast [-Wint-conversion]
 BaseType_t xHoming = NULL, xPosition_func = NULL;
                                             ^~~~
..\Src\fobos_eth.c: In function 'eth_cmds_analysis':
..\Src\fobos_eth.c:219:4: warning: passing argument 2 of 'send' discards 'volatile' qualifier from pointer target type [-Wdiscarded-qualifiers]
    fobos_eth_buf->data_to_transmit,
    ^~~~~~~~~~~~~
In file included from ..\Src\fobos_eth.c:9:0:
..\Src\ethernet/socket.h:250:9: note: expected 'uint8_t * {aka unsigned char *}' but argument is of type 'volatile uint8_t * {aka volatile unsigned char *}'
 int32_t send(uint8_t sn, uint8_t * buf, uint16_t len);
         ^~~~
..\Src\fobos_eth.c:229:6: warning: incompatible implicit declaration of built-in function 'memcpy'
      memcpy(fobos_eth_buf->fobos_protocol_buf_t.data+1, mac_adr, 6);
      ^~~~~~
..\Src\fobos_eth.c:229:6: note: include '<string.h>' or provide a declaration of 'memcpy'
..\Src\fobos_eth.c:229:13: warning: passing argument 1 of 'memcpy' discards 'volatile' qualifier from pointer target type [-Wdiscarded-qualifiers]
      memcpy(fobos_eth_buf->fobos_protocol_buf_t.data+1, mac_adr, 6);
             ^~~~~~~~~~~~~
..\Src\fobos_eth.c:229:13: note: expected 'void *' but argument is of type 'volatile uint8_t * {aka volatile unsigned char *}'
..\Src\fobos_eth.c:231:104: warning: passing argument 3 of 'fobos_eth_protocol_send' discards 'volatile' qualifier from pointer target type [-Wdiscarded-qualifiers]
      fobos_eth_protocol_send(FOBOS_ETH_GET_MAC, fobos_eth_buf->fobos_protocol_buf_t.bytes_in_packet_N, fobos_eth_buf);
                                                                                                        ^~~~~~~~~~~~~
..\Src\fobos_eth.c:198:6: note: expected 'fobos_protocol_buf_u * {aka union <anonymous> *}' but argument is of type 'volatile fobos_protocol_buf_u * {aka volatile union <anonymous> *}'
 void fobos_eth_protocol_send(uint8_t CMD, uint8_t bytes_in_packet_N, fobos_protocol_buf_u *fobos_eth_buf){
      ^~~~~~~~~~~~~~~~~~~~~~~
..\Src\fobos_eth.c:236:58: warning: passing argument 3 of 'fobos_eth_protocol_send' discards 'volatile' qualifier from pointer target type [-Wdiscarded-qualifiers]
   fobos_eth_protocol_send(FOBOS_CMD_BASING_STATEMENT, 2, fobos_eth_buf);
                                                          ^~~~~~~~~~~~~
..\Src\fobos_eth.c:198:6: note: expected 'fobos_protocol_buf_u * {aka union <anonymous> *}' but argument is of type 'volatile fobos_protocol_buf_u * {aka volatile union <anonymous> *}'
 void fobos_eth_protocol_send(uint8_t CMD, uint8_t bytes_in_packet_N, fobos_protocol_buf_u *fobos_eth_buf){
      ^~~~~~~~~~~~~~~~~~~~~~~
..\Src\fobos_eth.c:241:45: warning: passing argument 3 of 'fobos_eth_protocol_send' discards 'volatile' qualifier from pointer target type [-Wdiscarded-qualifiers]
   fobos_eth_protocol_send(FOBOS_ETH_RST, 1, fobos_eth_buf);
                                             ^~~~~~~~~~~~~
[...]
     fobos_eth_protocol_send(FOBOS_CMD_LAMP, 1, fobos_eth_buf);
                                                ^~~~~~~~~~~~~
..\Src\fobos_eth.c:199:6: note: expected 'fobos_protocol_buf_u * {aka union <anonymous> *}' but argument is of type 'volatile fobos_protocol_buf_u * {aka volatile union <anonymous> *}'
 void fobos_eth_protocol_send(uint8_t CMD, uint8_t bytes_in_packet_N, fobos_protocol_buf_u *fobos_eth_buf){
      ^~~~~~~~~~~~~~~~~~~~~~~
..\Src\fobos_eth.c:468:59: warning: passing argument 3 of 'fobos_eth_protocol_send' discards 'volatile' qualifier from pointer target type [-Wdiscarded-qualifiers]
    fobos_eth_protocol_send(FOBOS_CMD_BASING_STATEMENT, 2, fobos_eth_buf);
                                                           ^~~~~~~~~~~~~
..\Src\fobos_eth.c:199:6: note: expected 'fobos_protocol_buf_u * {aka union <anonymous> *}' but argument is of type 'volatile fobos_protocol_buf_u * {aka volatile union <anonymous> *}'
 void fobos_eth_protocol_send(uint8_t CMD, uint8_t bytes_in_packet_N, fobos_protocol_buf_u *fobos_eth_buf){
      ^~~~~~~~~~~~~~~~~~~~~~~
..\Src\fobos_eth.c:481:25: warning: comparison between pointer and integer
       if(xPosition_func == NULL)
                         ^~
..\Src\fobos_eth.c:487:25: warning: comparison between pointer and integer
       if(xPosition_func == NULL)
                         ^~
..\Src\fobos_eth.c:499:102: warning: passing argument 3 of 'fobos_eth_protocol_send' discards 'volatile' qualifier from pointer target type [-Wdiscarded-qualifiers]
      fobos_eth_protocol_send(FOBOS_CMD_START, fobos_eth_buf->fobos_protocol_buf_t.bytes_in_packet_N, fobos_eth_buf);
                                                                                                      ^~~~~~~~~~~~~
..\Src\fobos_eth.c:199:6: note: expected 'fobos_protocol_buf_u * {aka union <anonymous> *}' but argument is of type 'volatile fobos_protocol_buf_u * {aka volatile union <anonymous> *}'
 void fobos_eth_protocol_send(uint8_t CMD, uint8_t bytes_in_packet_N, fobos_protocol_buf_u *fobos_eth_buf){
      ^~~~~~~~~~~~~~~~~~~~~~~
..\Src\fobos_eth.c:524:62: warning: suggest parentheses around '-' in operand of '&' [-Wparentheses]
           fobos_eth_buf->fobos_protocol_buf_t.data[2] = 0x03 - can_data_rcv[1] & 0x03;
                                                         ~~~~~^~~~~~~~~~~~~~~~~
..\Src\fobos_eth.c:532:107: warning: passing argument 3 of 'fobos_eth_protocol_send' discards 'volatile' qualifier from pointer target type [-Wdiscarded-qualifiers]
    fobos_eth_protocol_send(FOBOS_CMD_START_STATUS, fobos_eth_buf->fobos_protocol_buf_t.bytes_in_packet_N, fobos_eth_buf);
                                                                                                           ^~~~~~~~~~~~~
..\Src\fobos_eth.c:199:6: note: expected 'fobos_protocol_buf_u * {aka union <anonymous> *}' but argument is of type 'volatile fobos_protocol_buf_u * {aka volatile union <anonymous> *}'
 void fobos_eth_protocol_send(uint8_t CMD, uint8_t bytes_in_packet_N, fobos_protocol_buf_u *fobos_eth_buf){
      ^~~~~~~~~~~~~~~~~~~~~~~
..\Src\fobos_eth.c:541:49: warning: passing argument 3 of 'fobos_eth_protocol_send' discards 'volatile' qualifier from pointer target type [-Wdiscarded-qualifiers]
      fobos_eth_protocol_send(FOBOS_CMD_STOP, 1, fobos_eth_buf);
                                                 ^~~~~~~~~~~~~
..\Src\fobos_eth.c:199:6: note: expected 'fobos_protocol_buf_u * {aka union <anonymous> *}' but argument is of type 'volatile fobos_protocol_buf_u * {aka volatile union <anonymous> *}'
 void fobos_eth_protocol_send(uint8_t CMD, uint8_t bytes_in_packet_N, fobos_protocol_buf_u *fobos_eth_buf){
      ^~~~~~~~~~~~~~~~~~~~~~~
..\Src\fobos_eth.c:548:16: warning: implicit declaration of function 'strlen' [-Wimplicit-function-declaration]
   int length = strlen(string_data)+1;
                ^~~~~~
..\Src\fobos_eth.c:548:16: warning: incompatible implicit declaration of built-in function 'strlen'
..\Src\fobos_eth.c:548:16: note: include '<string.h>' or provide a declaration of 'strlen'
..\Src\fobos_eth.c:551:3: warning: incompatible implicit declaration of built-in function 'memcpy'
   memcpy(fobos_eth_buf->fobos_protocol_buf_t.data+1, string_data, length);
   ^~~~~~
..\Src\fobos_eth.c:551:3: note: include '<string.h>' or provide a declaration of 'memcpy'
..\Src\fobos_eth.c:551:10: warning: passing argument 1 of 'memcpy' discards 'volatile' qualifier from pointer target type [-Wdiscarded-qualifiers]
   memcpy(fobos_eth_buf->fobos_protocol_buf_t.data+1, string_data, length);
          ^~~~~~~~~~~~~
..\Src\fobos_eth.c:551:10: note: expected 'void *' but argument is of type 'volatile uint8_t * {aka volatile unsigned char *}'
..\Src\fobos_eth.c:553:16: warning: passing argument 2 of 'send' discards 'volatile' qualifier from pointer target type [-Wdiscarded-qualifiers]
   send(SOCKET0,fobos_eth_buf->data_to_transmit,length+2);
                ^~~~~~~~~~~~~
In file included from ..\Src\fobos_eth.c:9:0:
..\Src\ethernet/socket.h:250:9: note: expected 'uint8_t * {aka unsigned char *}' but argument is of type 'volatile uint8_t * {aka volatile unsigned char *}'
 int32_t send(uint8_t sn, uint8_t * buf, uint16_t len);
         ^~~~
..\Src\fobos_eth.c:560:19: warning: passing argument 1 of 'confirmation' discards 'volatile' qualifier from pointer target type [-Wdiscarded-qualifiers]
   if(confirmation(fobos_eth_buf, ip_source_adr))
                   ^~~~~~~~~~~~~
..\Src\fobos_eth.c:31:9: note: expected 'fobos_protocol_buf_u * {aka union <anonymous> *}' but argument is of type 'volatile fobos_protocol_buf_u * {aka volatile union <anonymous> *}'
 uint8_t confirmation(fobos_protocol_buf_u *fobos_eth_buf, uint8_t *data_for_copy);//ethernet params confirmation
         ^~~~~~~~~~~~
..\Src\fobos_eth.c:564:19: warning: passing argument 1 of 'confirmation' discards 'volatile' qualifier from pointer target type [-Wdiscarded-qualifiers]
   if(confirmation(fobos_eth_buf, subnet_mask_adr))
                   ^~~~~~~~~~~~~
..\Src\fobos_eth.c:31:9: note: expected 'fobos_protocol_buf_u * {aka union <anonymous> *}' but argument is of type 'volatile fobos_protocol_buf_u * {aka volatile union <anonymous> *}'
 uint8_t confirmation(fobos_protocol_buf_u *fobos_eth_buf, uint8_t *data_for_copy);//ethernet params confirmation
         ^~~~~~~~~~~~
..\Src\fobos_eth.c:570:19: warning: passing argument 1 of 'confirmation' discards 'volatile' qualifier from pointer target type [-Wdiscarded-qualifiers]
   if(confirmation(fobos_eth_buf, &socket_port))
                   ^~~~~~~~~~~~~
..\Src\fobos_eth.c:31:9: note: expected 'fobos_protocol_buf_u * {aka union <anonymous> *}' but argument is of type 'volatile fobos_protocol_buf_u * {aka volatile union <anonymous> *}'
 uint8_t confirmation(fobos_protocol_buf_u *fobos_eth_buf, uint8_t *data_for_copy);//ethernet params confirmation
         ^~~~~~~~~~~~
..\Src\fobos_eth.c:570:34: warning: passing argument 2 of 'confirmation' from incompatible pointer type [-Wincompatible-pointer-types]
   if(confirmation(fobos_eth_buf, &socket_port))
                                  ^
..\Src\fobos_eth.c:31:9: note: expected 'uint8_t * {aka unsigned char *}' but argument is of type 'uint16_t * {aka short unsigned int *}'
 uint8_t confirmation(fobos_protocol_buf_u *fobos_eth_buf, uint8_t *data_for_copy);//ethernet params confirmation
         ^~~~~~~~~~~~
..\Src\fobos_eth.c:577:20: warning: passing argument 1 of 'confirmation' discards 'volatile' qualifier from pointer target type [-Wdiscarded-qualifiers]
       confirmation(fobos_eth_buf, &socket_port);
                    ^~~~~~~~~~~~~
..\Src\fobos_eth.c:31:9: note: expected 'fobos_protocol_buf_u * {aka union <anonymous> *}' but argument is of type 'volatile fobos_protocol_buf_u * {aka volatile union <anonymous> *}'
 uint8_t confirmation(fobos_protocol_buf_u *fobos_eth_buf, uint8_t *data_for_copy);//ethernet params confirmation
         ^~~~~~~~~~~~
..\Src\fobos_eth.c:577:35: warning: passing argument 2 of 'confirmation' from incompatible pointer type [-Wincompatible-pointer-types]
       confirmation(fobos_eth_buf, &socket_port);
                                   ^
..\Src\fobos_eth.c:31:9: note: expected 'uint8_t * {aka unsigned char *}' but argument is of type 'uint16_t * {aka short unsigned int *}'
 uint8_t confirmation(fobos_protocol_buf_u *fobos_eth_buf, uint8_t *data_for_copy);//ethernet params confirmation
         ^~~~~~~~~~~~
..\Src\fobos_eth.c:584:19: warning: passing argument 1 of 'confirmation' discards 'volatile' qualifier from pointer target type [-Wdiscarded-qualifiers]
   if(confirmation(fobos_eth_buf, (void*)0))
                   ^~~~~~~~~~~~~
..\Src\fobos_eth.c:31:9: note: expected 'fobos_protocol_buf_u * {aka union <anonymous> *}' but argument is of type 'volatile fobos_protocol_buf_u * {aka volatile union <anonymous> *}'
 uint8_t confirmation(fobos_protocol_buf_u *fobos_eth_buf, uint8_t *data_for_copy);//ethernet params confirmation
         ^~~~~~~~~~~~
..\Src\fobos_eth.c:589:21: warning: passing argument 1 of 'confirmation' discards 'volatile' qualifier from pointer target type [-Wdiscarded-qualifiers]
        confirmation(fobos_eth_buf, (void*)0);
                     ^~~~~~~~~~~~~
..\Src\fobos_eth.c:31:9: note: expected 'fobos_protocol_buf_u * {aka union <anonymous> *}' but argument is of type 'volatile fobos_protocol_buf_u * {aka volatile union <anonymous> *}'
 uint8_t confirmation(fobos_protocol_buf_u *fobos_eth_buf, uint8_t *data_for_copy);//ethernet params confirmation
         ^~~~~~~~~~~~
..\Src\fobos_eth.c:600:22: warning: passing argument 1 of 'feedback_params' discards 'volatile' qualifier from pointer target type [-Wdiscarded-qualifiers]
      feedback_params(fobos_eth_buf, ip, 4+1);
                      ^~~~~~~~~~~~~
..\Src\fobos_eth.c:30:6: note: expected 'fobos_protocol_buf_u * {aka union <anonymous> *}' but argument is of type 'volatile fobos_protocol_buf_u * {aka volatile union <anonymous> *}'
 void feedback_params(fobos_protocol_buf_u *fobos_eth_buf, uint8_t *data_for_copy, uint8_t tx_bytes);
      ^~~~~~~~~~~~~~~
..\Src\fobos_eth.c:610:19: warning: passing argument 1 of 'feedback_params' discards 'volatile' qualifier from pointer target type [-Wdiscarded-qualifiers]
   feedback_params(fobos_eth_buf, &dhcp_state, 1+1);
                   ^~~~~~~~~~~~~
..\Src\fobos_eth.c:30:6: note: expected 'fobos_protocol_buf_u * {aka union <anonymous> *}' but argument is of type 'volatile fobos_protocol_buf_u * {aka volatile union <anonymous> *}'
 void feedback_params(fobos_protocol_buf_u *fobos_eth_buf, uint8_t *data_for_copy, uint8_t tx_bytes);
      ^~~~~~~~~~~~~~~
..\Src\fobos_eth.c:616:16: warning: passing argument 2 of 'send' discards 'volatile' qualifier from pointer target type [-Wdiscarded-qualifiers]
   send(SOCKET0,fobos_eth_buf->data_to_transmit,fobos_eth_buf->fobos_protocol_buf_t.bytes_in_packet_N+2);
                ^~~~~~~~~~~~~
In file included from ..\Src\fobos_eth.c:9:0:
..\Src\ethernet/socket.h:250:9: note: expected 'uint8_t * {aka unsigned char *}' but argument is of type 'volatile uint8_t * {aka volatile unsigned char *}'
 int32_t send(uint8_t sn, uint8_t * buf, uint16_t len);
         ^~~~
..\Src\fobos_eth.c:625:22: warning: passing argument 1 of 'feedback_params' discards 'volatile' qualifier from pointer target type [-Wdiscarded-qualifiers]
      feedback_params(fobos_eth_buf, mask, 4+1);
                      ^~~~~~~~~~~~~
..\Src\fobos_eth.c:30:6: note: expected 'fobos_protocol_buf_u * {aka union <anonymous> *}' but argument is of type 'volatile fobos_protocol_buf_u * {aka volatile union <anonymous> *}'
 void feedback_params(fobos_protocol_buf_u *fobos_eth_buf, uint8_t *data_for_copy, uint8_t tx_bytes);
      ^~~~~~~~~~~~~~~
..\Src\fobos_eth.c:635:23: warning: passing argument 1 of 'feedback_params' discards 'volatile' qualifier from pointer target type [-Wdiscarded-qualifiers]
       feedback_params(fobos_eth_buf, port, 2+1);
                       ^~~~~~~~~~~~~
..\Src\fobos_eth.c:30:6: note: expected 'fobos_protocol_buf_u * {aka union <anonymous> *}' but argument is of type 'volatile fobos_protocol_buf_u * {aka volatile union <anonymous> *}'
 void feedback_params(fobos_protocol_buf_u *fobos_eth_buf, uint8_t *data_for_copy, uint8_t tx_bytes);
      ^~~~~~~~~~~~~~~
..\Src\fobos_eth.c:646:23: warning: passing argument 1 of 'feedback_params' discards 'volatile' qualifier from pointer target type [-Wdiscarded-qualifiers]
       feedback_params(fobos_eth_buf, timeout, 2+1);
                       ^~~~~~~~~~~~~
..\Src\fobos_eth.c:30:6: note: expected 'fobos_protocol_buf_u * {aka union <anonymous> *}' but argument is of type 'volatile fobos_protocol_buf_u * {aka volatile union <anonymous> *}'
 void feedback_params(fobos_protocol_buf_u *fobos_eth_buf, uint8_t *data_for_copy, uint8_t tx_bytes);
      ^~~~~~~~~~~~~~~
..\Src\fobos_eth.c:654:22: warning: passing argument 1 of 'feedback_params' discards 'volatile' qualifier from pointer target type [-Wdiscarded-qualifiers]
      feedback_params(fobos_eth_buf, &dhcp_state, 1+1);
                      ^~~~~~~~~~~~~
..\Src\fobos_eth.c:30:6: note: expected 'fobos_protocol_buf_u * {aka union <anonymous> *}' but argument is of type 'volatile fobos_protocol_buf_u * {aka volatile union <anonymous> *}'
 void feedback_params(fobos_protocol_buf_u *fobos_eth_buf, uint8_t *data_for_copy, uint8_t tx_bytes);
      ^~~~~~~~~~~~~~~
..\Src\fobos_eth.c:660:72: warning: passing argument 3 of 'fobos_eth_protocol_send' discards 'volatile' qualifier from pointer target type [-Wdiscarded-qualifiers]
    fobos_eth_protocol_send(fobos_eth_buf->fobos_protocol_buf_t.CMD, 1, fobos_eth_buf);
                                                                        ^~~~~~~~~~~~~
..\Src\fobos_eth.c:199:6: note: expected 'fobos_protocol_buf_u * {aka union <anonymous> *}' but argument is of type 'volatile fobos_protocol_buf_u * {aka volatile union <anonymous> *}'
 void fobos_eth_protocol_send(uint8_t CMD, uint8_t bytes_in_packet_N, fobos_protocol_buf_u *fobos_eth_buf){
      ^~~~~~~~~~~~~~~~~~~~~~~
..\Src\fobos_eth.c: In function 'feedback_params':
..\Src\fobos_eth.c:667:3: warning: incompatible implicit declaration of built-in function 'memcpy'
   memcpy(&fobos_eth_buf->fobos_protocol_buf_t.data[1], data_for_copy, tx_bytes-1);
   ^~~~~~
..\Src\fobos_eth.c:667:3: note: include '<string.h>' or provide a declaration of 'memcpy'
..\Src\fobos_eth.c: In function 'confirmation':
..\Src\fobos_eth.c:676:3: warning: incompatible implicit declaration of built-in function 'memcpy'
   memcpy(data_for_copy,
   ^~~~~~
..\Src\fobos_eth.c:676:3: note: include '<string.h>' or provide a declaration of 'memcpy'
..\Src\fobos_eth.c: In function 'canopen_receive':
..\Src\fobos_eth.c:732:11: warning: unused variable 'subindex' [-Wunused-variable]
   uint8_t subindex = canopen_rcv->values_t.subindex;
           ^~~~~~~~
..\Src\fobos_eth.c: In function 'vFobos_Start_Process':
..\Src\fobos_eth.c:767:23: warning: unused variable 'RxHeader' [-Wunused-variable]
 FDCAN_RxHeaderTypeDef RxHeader;
                       ^~~~~~~~
..\Src\fobos_eth.c:766:25: warning: variable 'can_data_rx' set but not used [-Wunused-but-set-variable]
 uint8_t scan_types = 0, can_data_rx[8] = {0};
                         ^~~~~~~~~~~
..\Src\fobos_eth.c: In function 'can_tx_func':
..\Src\fobos_eth.c:806:9: warning: type defaults to 'int' in declaration of 'a' [-Wimplicit-int]
  static a=0;
         ^
..\Src\fobos_eth.c: In function 'position_mode_process_right':
..\Src\fobos_eth.c:900:22: warning: assignment makes integer from pointer without a cast [-Wint-conversion]
       xPosition_func = NULL;
                      ^
..\Src\fobos_eth.c: In function 'position_mode_process_left':
..\Src\fobos_eth.c:957:22: warning: assignment makes integer from pointer without a cast [-Wint-conversion]
       xPosition_func = NULL;
                      ^
..\Src\fobos_eth.c: In function 'position_mode_process':
..\Src\fobos_eth.c:1025:36: warning: suggest parentheses around comparison in operand of '&' [-Wparentheses]
  while(canopen_rcv.values_t.data[0]&0b00000111 != 0x07)
                                    ^
..\Src\fobos_eth.c: In function 'homing_process':
..\Src\fobos_eth.c:1159:11: warning: assignment makes integer from pointer without a cast [-Wint-conversion]
   xHoming = NULL;
           ^
..\Src\fobos_eth.c: In function 'can_protocol_data_analyzing':
..\Src\fobos_eth.c:1175:7: warning: incompatible implicit declaration of built-in function 'memcpy'
       memcpy(buf,pRxData,2);
       ^~~~~~
..\Src\fobos_eth.c:1175:7: note: include '<string.h>' or provide a declaration of 'memcpy'
At top level:
..\Src\fobos_eth.c:54:16: warning: 'ip_destination_adr' defined but not used [-Wunused-variable]
 static uint8_t ip_destination_adr[4] = {192,168,100,2};
                ^~~~~~~~~~~~~~~~~~
..\Src\fobos_eth.c:49:16: warning: 'ip_gateway_adr' defined but not used [-Wunused-variable]
 static uint8_t ip_gateway_adr[4] = {192,168,100,2};
                ^~~~~~~~~~~~~~
arm-atollic-eabi-gcc -o Fobos_master_brd.elf Drivers\STM32H7xx_HAL_Driver\Src\stm32h7xx_hal.o Drivers\STM32H7xx_HAL_Driver\Src\stm32h7xx_hal_cortex.o Drivers\STM32H7xx_HAL_Driver\Src\stm32h7xx_hal_dma.o Drivers\STM32H7xx_HAL_Driver\Src\stm32h7xx_hal_dma_ex.o Drivers\STM32H7xx_HAL_Driver\Src\stm32h7xx_hal_fdcan.o Drivers\STM32H7xx_HAL_Driver\Src\stm32h7xx_hal_flash.o Drivers\STM32H7xx_HAL_Driver\Src\stm32h7xx_hal_flash_ex.o Drivers\STM32H7xx_HAL_Driver\Src\stm32h7xx_hal_gpio.o Drivers\STM32H7xx_HAL_Driver\Src\stm32h7xx_hal_hsem.o Drivers\STM32H7xx_HAL_Driver\Src\stm32h7xx_hal_i2c.o Drivers\STM32H7xx_HAL_Driver\Src\stm32h7xx_hal_i2c_ex.o Drivers\STM32H7xx_HAL_Driver\Src\stm32h7xx_hal_iwdg.o Drivers\STM32H7xx_HAL_Driver\Src\stm32h7xx_hal_mdma.o Drivers\STM32H7xx_HAL_Driver\Src\stm32h7xx_hal_pwr.o Drivers\STM32H7xx_HAL_Driver\Src\stm32h7xx_hal_pwr_ex.o Drivers\STM32H7xx_HAL_Driver\Src\stm32h7xx_hal_rcc.o Drivers\STM32H7xx_HAL_Driver\Src\stm32h7xx_hal_rcc_ex.o Drivers\STM32H7xx_HAL_Driver\Src\stm32h7xx_hal_spi.o Drivers\STM32H7xx_HAL_Driver\Src\stm32h7xx_hal_spi_ex.o Drivers\STM32H7xx_HAL_Driver\Src\stm32h7xx_hal_tim.o Drivers\STM32H7xx_HAL_Driver\Src\stm32h7xx_hal_tim_ex.o Drivers\STM32H7xx_HAL_Driver\Src\stm32h7xx_hal_uart.o Drivers\STM32H7xx_HAL_Driver\Src\stm32h7xx_hal_uart_ex.o Middlewares\Third_Party\FreeRTOS\Source\CMSIS_RTOS\cmsis_os.o Middlewares\Third_Party\FreeRTOS\Source\croutine.o Middlewares\Third_Party\FreeRTOS\Source\event_groups.o Middlewares\Third_Party\FreeRTOS\Source\list.o Middlewares\Third_Party\FreeRTOS\Source\portable\GCC\ARM_CM7\r0p1\port.o Middlewares\Third_Party\FreeRTOS\Source\portable\MemMang\heap_4.o Middlewares\Third_Party\FreeRTOS\Source\queue.o Middlewares\Third_Party\FreeRTOS\Source\tasks.o Middlewares\Third_Party\FreeRTOS\Source\timers.o Src\adani_can_medical_protocol.o Src\ethernet\socket.o Src\ethernet\w5200.o Src\ethernet\wizchip_conf.o Src\fobos_eth.o Src\freertos.o Src\internet\dhcp.o Src\main.o Src\own_defines.o Src\stm32h7xx_hal_msp.o Src\stm32h7xx_it.o Src\system_stm32h7xx.o startup\startup_stm32h743xx.o -mthumb -mcpu=cortex-m7 -mfloat-abi=hard -mfpu=fpv5-d16 -T../STM32H743VI_FLASH.ld -specs=nosys.specs -static -Wl,-Map=Fobos_master_brd.map -Wl,--gc-sections -Wl,--defsym=malloc_getpagesize_P=0x80 -Wl,--start-group -lc -lm -Wl,--end-group -specs=nano.specs 
C:\Program Files (x86)\Atollic\TrueSTUDIO for STM32 9.0.1\ide\jre\bin\java -jar C:\Program Files (x86)\Atollic\TrueSTUDIO for STM32 9.0.1\Tools\arm-atollic-reports.jar sizeinfo list Fobos_master_brd.elf 
Generate build reports...
Print size information
   text	   data	    bss	    dec	    hex	filename
  33504	     88	  18124	  51716	   ca04	Fobos_master_brd.elf
Print size information done
Generate listing file
Output sent to: Fobos_master_brd.list
Generate listing file done
Generate build reports done
arm-atollic-eabi-objcopy.exe -O ihex Fobos_master_brd.elf Fobos_master_brd.hex 
